--------------------------------------------------------------------------------
Release 14.7 Trace  (lin64)
Copyright (c) 1995-2013 Xilinx, Inc.  All rights reserved.

/home/user/.local/Xilinx/14.7/ISE_DS/ISE/bin/lin64/unwrapped/trce -intstyle ise
-v 3 -s 4 -n 3 -fastpaths -xml top.twx top.ncd -o top.twr top.pcf

Design file:              top.ncd
Physical constraint file: top.pcf
Device,package,speed:     xc3s1200e,fg320,-4 (PRODUCTION 1.27 2013-10-13)
Report level:             verbose report

Environment Variable      Effect 
--------------------      ------ 
NONE                      No environment variables were set
--------------------------------------------------------------------------------

INFO:Timing:3412 - To improve timing, see the Timing Closure User Guide (UG612).
INFO:Timing:2752 - To get complete path coverage, use the unconstrained paths 
   option. All paths that are not constrained will be reported in the 
   unconstrained paths section(s) of the report.
INFO:Timing:3339 - The clock-to-out numbers in this timing report are based on 
   a 50 Ohm transmission line loading model.  For the details of this model, 
   and for more information on accounting for different loading conditions, 
   please see the device datasheet.
INFO:Timing:3390 - This architecture does not support a default System Jitter 
   value, please add SYSTEM_JITTER constraint to the UCF to modify the Clock 
   Uncertainty calculation.
INFO:Timing:3389 - This architecture does not support 'Discrete Jitter' and 
   'Phase Error' calculations, these terms will be zero in the Clock 
   Uncertainty calculation.  Please make appropriate modification to 
   SYSTEM_JITTER to account for the unsupported Discrete Jitter and Phase 
   Error.

================================================================================
Timing constraint: TS_clk = PERIOD TIMEGRP "i_clock" 20 ns HIGH 50%;
For more information, see Period Analysis in the Timing Closure User Guide (UG612).

 0 paths analyzed, 0 endpoints analyzed, 0 failing endpoints
 0 timing errors detected. (0 component switching limit errors)
 Minimum period is   6.000ns.
--------------------------------------------------------------------------------

Component Switching Limit Checks: TS_clk = PERIOD TIMEGRP "i_clock" 20 ns HIGH 50%;
--------------------------------------------------------------------------------
Slack: 14.000ns (period - (min low pulse limit / (low pulse / period)))
  Period: 20.000ns
  Low pulse: 10.000ns
  Low pulse limit: 3.000ns (Tdcmpw_CLKIN_50_100)
  Physical resource: inst_top_camera_monitoring/DCM_SP_cam/CLKIN
  Logical resource: inst_top_camera_monitoring/DCM_SP_cam/CLKIN
  Location pin: DCM_X1Y3.CLKIN
  Clock network: inst_top_camera_monitoring/i_clock_ib2
--------------------------------------------------------------------------------
Slack: 14.000ns (period - (min high pulse limit / (high pulse / period)))
  Period: 20.000ns
  High pulse: 10.000ns
  High pulse limit: 3.000ns (Tdcmpw_CLKIN_50_100)
  Physical resource: inst_top_camera_monitoring/DCM_SP_cam/CLKIN
  Logical resource: inst_top_camera_monitoring/DCM_SP_cam/CLKIN
  Location pin: DCM_X1Y3.CLKIN
  Clock network: inst_top_camera_monitoring/i_clock_ib2
--------------------------------------------------------------------------------
Slack: 15.834ns (period - min period limit)
  Period: 20.000ns
  Min period limit: 4.166ns (240.038MHz) (Tdcmpc)
  Physical resource: inst_top_camera_monitoring/DCM_SP_cam/CLKIN
  Logical resource: inst_top_camera_monitoring/DCM_SP_cam/CLKIN
  Location pin: DCM_X1Y3.CLKIN
  Clock network: inst_top_camera_monitoring/i_clock_ib2
--------------------------------------------------------------------------------

================================================================================
Timing constraint: TS_inst_top_camera_monitoring_clk11 = PERIOD TIMEGRP         
"inst_top_camera_monitoring_clk11" TS_clk HIGH 50%;
For more information, see Period Analysis in the Timing Closure User Guide (UG612).

 42065 paths analyzed, 1559 endpoints analyzed, 0 failing endpoints
 0 timing errors detected. (0 setup errors, 0 hold errors, 0 component switching limit errors)
 Minimum period is  16.626ns.
--------------------------------------------------------------------------------

Paths for end point inst_top_camera_monitoring/dq_oo_8 (L3.O1), 17 paths
--------------------------------------------------------------------------------
Slack (setup path):     1.687ns (requirement - (data path - clock path skew + uncertainty))
  Source:               inst_top_camera_monitoring/crbc_i0/data_out_enable_i_14 (FF)
  Destination:          inst_top_camera_monitoring/dq_oo_8 (FF)
  Requirement:          10.000ns
  Data Path Delay:      8.273ns (Levels of Logic = 3)
  Clock Path Skew:      -0.040ns (0.196 - 0.236)
  Source Clock:         inst_top_camera_monitoring/clk1 rising at 0.000ns
  Destination Clock:    inst_top_camera_monitoring/clk1 falling at 10.000ns
  Clock Uncertainty:    0.000ns

  Maximum Data Path: inst_top_camera_monitoring/crbc_i0/data_out_enable_i_14 to inst_top_camera_monitoring/dq_oo_8
    Location             Delay type         Delay(ns)  Physical Resource
                                                       Logical Resource(s)
    -------------------------------------------------  -------------------
    SLICE_X13Y2.YQ       Tcko                  0.587   inst_top_camera_monitoring/crbc_i0/data_out_enable_i<15>
                                                       inst_top_camera_monitoring/crbc_i0/data_out_enable_i_14
    SLICE_X12Y2.F1       net (fanout=3)        0.974   inst_top_camera_monitoring/crbc_i0/data_out_enable_i<14>
    SLICE_X12Y2.X        Tilo                  0.759   inst_top_camera_monitoring/crbc_i0/dq_o_cmp_eq000026
                                                       inst_top_camera_monitoring/crbc_i0/dq_o_cmp_eq000026
    SLICE_X12Y26.G4      net (fanout=1)        1.075   inst_top_camera_monitoring/crbc_i0/dq_o_cmp_eq000026
    SLICE_X12Y26.Y       Tilo                  0.759   inst_top_camera_monitoring/dq_o<9>
                                                       inst_top_camera_monitoring/crbc_i0/dq_o_cmp_eq000036
    SLICE_X13Y31.G1      net (fanout=16)       1.143   inst_top_camera_monitoring/crbc_i0/dq_o_cmp_eq0000
    SLICE_X13Y31.Y       Tilo                  0.704   inst_top_camera_monitoring/dq_o<8>
                                                       inst_top_camera_monitoring/crbc_i0/dq_o<8>1
    L3.O1                net (fanout=1)        1.588   inst_top_camera_monitoring/dq_o<8>
    L3.OTCLK1            Tioock                0.684   Dq<8>
                                                       inst_top_camera_monitoring/dq_oo_8
    -------------------------------------------------  ---------------------------
    Total                                      8.273ns (3.493ns logic, 4.780ns route)
                                                       (42.2% logic, 57.8% route)

--------------------------------------------------------------------------------
Slack (setup path):     1.734ns (requirement - (data path - clock path skew + uncertainty))
  Source:               inst_top_camera_monitoring/crbc_i0/data_out_enable_i_15 (FF)
  Destination:          inst_top_camera_monitoring/dq_oo_8 (FF)
  Requirement:          10.000ns
  Data Path Delay:      8.226ns (Levels of Logic = 3)
  Clock Path Skew:      -0.040ns (0.196 - 0.236)
  Source Clock:         inst_top_camera_monitoring/clk1 rising at 0.000ns
  Destination Clock:    inst_top_camera_monitoring/clk1 falling at 10.000ns
  Clock Uncertainty:    0.000ns

  Maximum Data Path: inst_top_camera_monitoring/crbc_i0/data_out_enable_i_15 to inst_top_camera_monitoring/dq_oo_8
    Location             Delay type         Delay(ns)  Physical Resource
                                                       Logical Resource(s)
    -------------------------------------------------  -------------------
    SLICE_X13Y2.XQ       Tcko                  0.591   inst_top_camera_monitoring/crbc_i0/data_out_enable_i<15>
                                                       inst_top_camera_monitoring/crbc_i0/data_out_enable_i_15
    SLICE_X12Y2.F4       net (fanout=3)        0.923   inst_top_camera_monitoring/crbc_i0/data_out_enable_i<15>
    SLICE_X12Y2.X        Tilo                  0.759   inst_top_camera_monitoring/crbc_i0/dq_o_cmp_eq000026
                                                       inst_top_camera_monitoring/crbc_i0/dq_o_cmp_eq000026
    SLICE_X12Y26.G4      net (fanout=1)        1.075   inst_top_camera_monitoring/crbc_i0/dq_o_cmp_eq000026
    SLICE_X12Y26.Y       Tilo                  0.759   inst_top_camera_monitoring/dq_o<9>
                                                       inst_top_camera_monitoring/crbc_i0/dq_o_cmp_eq000036
    SLICE_X13Y31.G1      net (fanout=16)       1.143   inst_top_camera_monitoring/crbc_i0/dq_o_cmp_eq0000
    SLICE_X13Y31.Y       Tilo                  0.704   inst_top_camera_monitoring/dq_o<8>
                                                       inst_top_camera_monitoring/crbc_i0/dq_o<8>1
    L3.O1                net (fanout=1)        1.588   inst_top_camera_monitoring/dq_o<8>
    L3.OTCLK1            Tioock                0.684   Dq<8>
                                                       inst_top_camera_monitoring/dq_oo_8
    -------------------------------------------------  ---------------------------
    Total                                      8.226ns (3.497ns logic, 4.729ns route)
                                                       (42.5% logic, 57.5% route)

--------------------------------------------------------------------------------
Slack (setup path):     1.830ns (requirement - (data path - clock path skew + uncertainty))
  Source:               inst_top_camera_monitoring/crbc_i0/data_out_enable_i_12 (FF)
  Destination:          inst_top_camera_monitoring/dq_oo_8 (FF)
  Requirement:          10.000ns
  Data Path Delay:      8.130ns (Levels of Logic = 3)
  Clock Path Skew:      -0.040ns (0.196 - 0.236)
  Source Clock:         inst_top_camera_monitoring/clk1 rising at 0.000ns
  Destination Clock:    inst_top_camera_monitoring/clk1 falling at 10.000ns
  Clock Uncertainty:    0.000ns

  Maximum Data Path: inst_top_camera_monitoring/crbc_i0/data_out_enable_i_12 to inst_top_camera_monitoring/dq_oo_8
    Location             Delay type         Delay(ns)  Physical Resource
                                                       Logical Resource(s)
    -------------------------------------------------  -------------------
    SLICE_X12Y3.YQ       Tcko                  0.652   inst_top_camera_monitoring/crbc_i0/data_out_enable_i<13>
                                                       inst_top_camera_monitoring/crbc_i0/data_out_enable_i_12
    SLICE_X12Y2.F3       net (fanout=3)        0.766   inst_top_camera_monitoring/crbc_i0/data_out_enable_i<12>
    SLICE_X12Y2.X        Tilo                  0.759   inst_top_camera_monitoring/crbc_i0/dq_o_cmp_eq000026
                                                       inst_top_camera_monitoring/crbc_i0/dq_o_cmp_eq000026
    SLICE_X12Y26.G4      net (fanout=1)        1.075   inst_top_camera_monitoring/crbc_i0/dq_o_cmp_eq000026
    SLICE_X12Y26.Y       Tilo                  0.759   inst_top_camera_monitoring/dq_o<9>
                                                       inst_top_camera_monitoring/crbc_i0/dq_o_cmp_eq000036
    SLICE_X13Y31.G1      net (fanout=16)       1.143   inst_top_camera_monitoring/crbc_i0/dq_o_cmp_eq0000
    SLICE_X13Y31.Y       Tilo                  0.704   inst_top_camera_monitoring/dq_o<8>
                                                       inst_top_camera_monitoring/crbc_i0/dq_o<8>1
    L3.O1                net (fanout=1)        1.588   inst_top_camera_monitoring/dq_o<8>
    L3.OTCLK1            Tioock                0.684   Dq<8>
                                                       inst_top_camera_monitoring/dq_oo_8
    -------------------------------------------------  ---------------------------
    Total                                      8.130ns (3.558ns logic, 4.572ns route)
                                                       (43.8% logic, 56.2% route)

--------------------------------------------------------------------------------

Paths for end point inst_top_camera_monitoring/dq_oo_2 (L6.O1), 17 paths
--------------------------------------------------------------------------------
Slack (setup path):     1.734ns (requirement - (data path - clock path skew + uncertainty))
  Source:               inst_top_camera_monitoring/crbc_i0/data_out_enable_i_14 (FF)
  Destination:          inst_top_camera_monitoring/dq_oo_2 (FF)
  Requirement:          10.000ns
  Data Path Delay:      8.224ns (Levels of Logic = 3)
  Clock Path Skew:      -0.042ns (0.194 - 0.236)
  Source Clock:         inst_top_camera_monitoring/clk1 rising at 0.000ns
  Destination Clock:    inst_top_camera_monitoring/clk1 falling at 10.000ns
  Clock Uncertainty:    0.000ns

  Maximum Data Path: inst_top_camera_monitoring/crbc_i0/data_out_enable_i_14 to inst_top_camera_monitoring/dq_oo_2
    Location             Delay type         Delay(ns)  Physical Resource
                                                       Logical Resource(s)
    -------------------------------------------------  -------------------
    SLICE_X13Y2.YQ       Tcko                  0.587   inst_top_camera_monitoring/crbc_i0/data_out_enable_i<15>
                                                       inst_top_camera_monitoring/crbc_i0/data_out_enable_i_14
    SLICE_X12Y2.F1       net (fanout=3)        0.974   inst_top_camera_monitoring/crbc_i0/data_out_enable_i<14>
    SLICE_X12Y2.X        Tilo                  0.759   inst_top_camera_monitoring/crbc_i0/dq_o_cmp_eq000026
                                                       inst_top_camera_monitoring/crbc_i0/dq_o_cmp_eq000026
    SLICE_X12Y26.G4      net (fanout=1)        1.075   inst_top_camera_monitoring/crbc_i0/dq_o_cmp_eq000026
    SLICE_X12Y26.Y       Tilo                  0.759   inst_top_camera_monitoring/dq_o<9>
                                                       inst_top_camera_monitoring/crbc_i0/dq_o_cmp_eq000036
    SLICE_X14Y35.G2      net (fanout=16)       1.075   inst_top_camera_monitoring/crbc_i0/dq_o_cmp_eq0000
    SLICE_X14Y35.Y       Tilo                  0.759   inst_top_camera_monitoring/dq_o<3>
                                                       inst_top_camera_monitoring/crbc_i0/dq_o<2>1
    L6.O1                net (fanout=1)        1.552   inst_top_camera_monitoring/dq_o<2>
    L6.OTCLK1            Tioock                0.684   Dq<2>
                                                       inst_top_camera_monitoring/dq_oo_2
    -------------------------------------------------  ---------------------------
    Total                                      8.224ns (3.548ns logic, 4.676ns route)
                                                       (43.1% logic, 56.9% route)

--------------------------------------------------------------------------------
Slack (setup path):     1.781ns (requirement - (data path - clock path skew + uncertainty))
  Source:               inst_top_camera_monitoring/crbc_i0/data_out_enable_i_15 (FF)
  Destination:          inst_top_camera_monitoring/dq_oo_2 (FF)
  Requirement:          10.000ns
  Data Path Delay:      8.177ns (Levels of Logic = 3)
  Clock Path Skew:      -0.042ns (0.194 - 0.236)
  Source Clock:         inst_top_camera_monitoring/clk1 rising at 0.000ns
  Destination Clock:    inst_top_camera_monitoring/clk1 falling at 10.000ns
  Clock Uncertainty:    0.000ns

  Maximum Data Path: inst_top_camera_monitoring/crbc_i0/data_out_enable_i_15 to inst_top_camera_monitoring/dq_oo_2
    Location             Delay type         Delay(ns)  Physical Resource
                                                       Logical Resource(s)
    -------------------------------------------------  -------------------
    SLICE_X13Y2.XQ       Tcko                  0.591   inst_top_camera_monitoring/crbc_i0/data_out_enable_i<15>
                                                       inst_top_camera_monitoring/crbc_i0/data_out_enable_i_15
    SLICE_X12Y2.F4       net (fanout=3)        0.923   inst_top_camera_monitoring/crbc_i0/data_out_enable_i<15>
    SLICE_X12Y2.X        Tilo                  0.759   inst_top_camera_monitoring/crbc_i0/dq_o_cmp_eq000026
                                                       inst_top_camera_monitoring/crbc_i0/dq_o_cmp_eq000026
    SLICE_X12Y26.G4      net (fanout=1)        1.075   inst_top_camera_monitoring/crbc_i0/dq_o_cmp_eq000026
    SLICE_X12Y26.Y       Tilo                  0.759   inst_top_camera_monitoring/dq_o<9>
                                                       inst_top_camera_monitoring/crbc_i0/dq_o_cmp_eq000036
    SLICE_X14Y35.G2      net (fanout=16)       1.075   inst_top_camera_monitoring/crbc_i0/dq_o_cmp_eq0000
    SLICE_X14Y35.Y       Tilo                  0.759   inst_top_camera_monitoring/dq_o<3>
                                                       inst_top_camera_monitoring/crbc_i0/dq_o<2>1
    L6.O1                net (fanout=1)        1.552   inst_top_camera_monitoring/dq_o<2>
    L6.OTCLK1            Tioock                0.684   Dq<2>
                                                       inst_top_camera_monitoring/dq_oo_2
    -------------------------------------------------  ---------------------------
    Total                                      8.177ns (3.552ns logic, 4.625ns route)
                                                       (43.4% logic, 56.6% route)

--------------------------------------------------------------------------------
Slack (setup path):     1.877ns (requirement - (data path - clock path skew + uncertainty))
  Source:               inst_top_camera_monitoring/crbc_i0/data_out_enable_i_12 (FF)
  Destination:          inst_top_camera_monitoring/dq_oo_2 (FF)
  Requirement:          10.000ns
  Data Path Delay:      8.081ns (Levels of Logic = 3)
  Clock Path Skew:      -0.042ns (0.194 - 0.236)
  Source Clock:         inst_top_camera_monitoring/clk1 rising at 0.000ns
  Destination Clock:    inst_top_camera_monitoring/clk1 falling at 10.000ns
  Clock Uncertainty:    0.000ns

  Maximum Data Path: inst_top_camera_monitoring/crbc_i0/data_out_enable_i_12 to inst_top_camera_monitoring/dq_oo_2
    Location             Delay type         Delay(ns)  Physical Resource
                                                       Logical Resource(s)
    -------------------------------------------------  -------------------
    SLICE_X12Y3.YQ       Tcko                  0.652   inst_top_camera_monitoring/crbc_i0/data_out_enable_i<13>
                                                       inst_top_camera_monitoring/crbc_i0/data_out_enable_i_12
    SLICE_X12Y2.F3       net (fanout=3)        0.766   inst_top_camera_monitoring/crbc_i0/data_out_enable_i<12>
    SLICE_X12Y2.X        Tilo                  0.759   inst_top_camera_monitoring/crbc_i0/dq_o_cmp_eq000026
                                                       inst_top_camera_monitoring/crbc_i0/dq_o_cmp_eq000026
    SLICE_X12Y26.G4      net (fanout=1)        1.075   inst_top_camera_monitoring/crbc_i0/dq_o_cmp_eq000026
    SLICE_X12Y26.Y       Tilo                  0.759   inst_top_camera_monitoring/dq_o<9>
                                                       inst_top_camera_monitoring/crbc_i0/dq_o_cmp_eq000036
    SLICE_X14Y35.G2      net (fanout=16)       1.075   inst_top_camera_monitoring/crbc_i0/dq_o_cmp_eq0000
    SLICE_X14Y35.Y       Tilo                  0.759   inst_top_camera_monitoring/dq_o<3>
                                                       inst_top_camera_monitoring/crbc_i0/dq_o<2>1
    L6.O1                net (fanout=1)        1.552   inst_top_camera_monitoring/dq_o<2>
    L6.OTCLK1            Tioock                0.684   Dq<2>
                                                       inst_top_camera_monitoring/dq_oo_2
    -------------------------------------------------  ---------------------------
    Total                                      8.081ns (3.613ns logic, 4.468ns route)
                                                       (44.7% logic, 55.3% route)

--------------------------------------------------------------------------------

Paths for end point inst_top_camera_monitoring/dq_oo_5 (P1.O1), 17 paths
--------------------------------------------------------------------------------
Slack (setup path):     2.110ns (requirement - (data path - clock path skew + uncertainty))
  Source:               inst_top_camera_monitoring/crbc_i0/data_out_enable_i_14 (FF)
  Destination:          inst_top_camera_monitoring/dq_oo_5 (FF)
  Requirement:          10.000ns
  Data Path Delay:      7.890ns (Levels of Logic = 3)
  Clock Path Skew:      0.000ns
  Source Clock:         inst_top_camera_monitoring/clk1 rising at 0.000ns
  Destination Clock:    inst_top_camera_monitoring/clk1 falling at 10.000ns
  Clock Uncertainty:    0.000ns

  Maximum Data Path: inst_top_camera_monitoring/crbc_i0/data_out_enable_i_14 to inst_top_camera_monitoring/dq_oo_5
    Location             Delay type         Delay(ns)  Physical Resource
                                                       Logical Resource(s)
    -------------------------------------------------  -------------------
    SLICE_X13Y2.YQ       Tcko                  0.587   inst_top_camera_monitoring/crbc_i0/data_out_enable_i<15>
                                                       inst_top_camera_monitoring/crbc_i0/data_out_enable_i_14
    SLICE_X12Y2.F1       net (fanout=3)        0.974   inst_top_camera_monitoring/crbc_i0/data_out_enable_i<14>
    SLICE_X12Y2.X        Tilo                  0.759   inst_top_camera_monitoring/crbc_i0/dq_o_cmp_eq000026
                                                       inst_top_camera_monitoring/crbc_i0/dq_o_cmp_eq000026
    SLICE_X12Y26.G4      net (fanout=1)        1.075   inst_top_camera_monitoring/crbc_i0/dq_o_cmp_eq000026
    SLICE_X12Y26.Y       Tilo                  0.759   inst_top_camera_monitoring/dq_o<9>
                                                       inst_top_camera_monitoring/crbc_i0/dq_o_cmp_eq000036
    SLICE_X15Y30.F2      net (fanout=16)       0.777   inst_top_camera_monitoring/crbc_i0/dq_o_cmp_eq0000
    SLICE_X15Y30.X       Tilo                  0.704   inst_top_camera_monitoring/dq_o<5>
                                                       inst_top_camera_monitoring/crbc_i0/dq_o<5>1
    P1.O1                net (fanout=1)        1.571   inst_top_camera_monitoring/dq_o<5>
    P1.OTCLK1            Tioock                0.684   Dq<5>
                                                       inst_top_camera_monitoring/dq_oo_5
    -------------------------------------------------  ---------------------------
    Total                                      7.890ns (3.493ns logic, 4.397ns route)
                                                       (44.3% logic, 55.7% route)

--------------------------------------------------------------------------------
Slack (setup path):     2.157ns (requirement - (data path - clock path skew + uncertainty))
  Source:               inst_top_camera_monitoring/crbc_i0/data_out_enable_i_15 (FF)
  Destination:          inst_top_camera_monitoring/dq_oo_5 (FF)
  Requirement:          10.000ns
  Data Path Delay:      7.843ns (Levels of Logic = 3)
  Clock Path Skew:      0.000ns
  Source Clock:         inst_top_camera_monitoring/clk1 rising at 0.000ns
  Destination Clock:    inst_top_camera_monitoring/clk1 falling at 10.000ns
  Clock Uncertainty:    0.000ns

  Maximum Data Path: inst_top_camera_monitoring/crbc_i0/data_out_enable_i_15 to inst_top_camera_monitoring/dq_oo_5
    Location             Delay type         Delay(ns)  Physical Resource
                                                       Logical Resource(s)
    -------------------------------------------------  -------------------
    SLICE_X13Y2.XQ       Tcko                  0.591   inst_top_camera_monitoring/crbc_i0/data_out_enable_i<15>
                                                       inst_top_camera_monitoring/crbc_i0/data_out_enable_i_15
    SLICE_X12Y2.F4       net (fanout=3)        0.923   inst_top_camera_monitoring/crbc_i0/data_out_enable_i<15>
    SLICE_X12Y2.X        Tilo                  0.759   inst_top_camera_monitoring/crbc_i0/dq_o_cmp_eq000026
                                                       inst_top_camera_monitoring/crbc_i0/dq_o_cmp_eq000026
    SLICE_X12Y26.G4      net (fanout=1)        1.075   inst_top_camera_monitoring/crbc_i0/dq_o_cmp_eq000026
    SLICE_X12Y26.Y       Tilo                  0.759   inst_top_camera_monitoring/dq_o<9>
                                                       inst_top_camera_monitoring/crbc_i0/dq_o_cmp_eq000036
    SLICE_X15Y30.F2      net (fanout=16)       0.777   inst_top_camera_monitoring/crbc_i0/dq_o_cmp_eq0000
    SLICE_X15Y30.X       Tilo                  0.704   inst_top_camera_monitoring/dq_o<5>
                                                       inst_top_camera_monitoring/crbc_i0/dq_o<5>1
    P1.O1                net (fanout=1)        1.571   inst_top_camera_monitoring/dq_o<5>
    P1.OTCLK1            Tioock                0.684   Dq<5>
                                                       inst_top_camera_monitoring/dq_oo_5
    -------------------------------------------------  ---------------------------
    Total                                      7.843ns (3.497ns logic, 4.346ns route)
                                                       (44.6% logic, 55.4% route)

--------------------------------------------------------------------------------
Slack (setup path):     2.253ns (requirement - (data path - clock path skew + uncertainty))
  Source:               inst_top_camera_monitoring/crbc_i0/data_out_enable_i_12 (FF)
  Destination:          inst_top_camera_monitoring/dq_oo_5 (FF)
  Requirement:          10.000ns
  Data Path Delay:      7.747ns (Levels of Logic = 3)
  Clock Path Skew:      0.000ns
  Source Clock:         inst_top_camera_monitoring/clk1 rising at 0.000ns
  Destination Clock:    inst_top_camera_monitoring/clk1 falling at 10.000ns
  Clock Uncertainty:    0.000ns

  Maximum Data Path: inst_top_camera_monitoring/crbc_i0/data_out_enable_i_12 to inst_top_camera_monitoring/dq_oo_5
    Location             Delay type         Delay(ns)  Physical Resource
                                                       Logical Resource(s)
    -------------------------------------------------  -------------------
    SLICE_X12Y3.YQ       Tcko                  0.652   inst_top_camera_monitoring/crbc_i0/data_out_enable_i<13>
                                                       inst_top_camera_monitoring/crbc_i0/data_out_enable_i_12
    SLICE_X12Y2.F3       net (fanout=3)        0.766   inst_top_camera_monitoring/crbc_i0/data_out_enable_i<12>
    SLICE_X12Y2.X        Tilo                  0.759   inst_top_camera_monitoring/crbc_i0/dq_o_cmp_eq000026
                                                       inst_top_camera_monitoring/crbc_i0/dq_o_cmp_eq000026
    SLICE_X12Y26.G4      net (fanout=1)        1.075   inst_top_camera_monitoring/crbc_i0/dq_o_cmp_eq000026
    SLICE_X12Y26.Y       Tilo                  0.759   inst_top_camera_monitoring/dq_o<9>
                                                       inst_top_camera_monitoring/crbc_i0/dq_o_cmp_eq000036
    SLICE_X15Y30.F2      net (fanout=16)       0.777   inst_top_camera_monitoring/crbc_i0/dq_o_cmp_eq0000
    SLICE_X15Y30.X       Tilo                  0.704   inst_top_camera_monitoring/dq_o<5>
                                                       inst_top_camera_monitoring/crbc_i0/dq_o<5>1
    P1.O1                net (fanout=1)        1.571   inst_top_camera_monitoring/dq_o<5>
    P1.OTCLK1            Tioock                0.684   Dq<5>
                                                       inst_top_camera_monitoring/dq_oo_5
    -------------------------------------------------  ---------------------------
    Total                                      7.747ns (3.558ns logic, 4.189ns route)
                                                       (45.9% logic, 54.1% route)

--------------------------------------------------------------------------------

Hold Paths: TS_inst_top_camera_monitoring_clk11 = PERIOD TIMEGRP
        "inst_top_camera_monitoring_clk11" TS_clk HIGH 50%;
--------------------------------------------------------------------------------

Paths for end point inst_top_camera_monitoring/inst_ov7670contr1/SCCB/reg_value_prev_2 (SLICE_X77Y66.CE), 1 path
--------------------------------------------------------------------------------
Slack (hold path):      1.228ns (requirement - (clock path skew + uncertainty - data path))
  Source:               inst_top_camera_monitoring/inst_ov7670contr1/SCCB/taken_i (FF)
  Destination:          inst_top_camera_monitoring/inst_ov7670contr1/SCCB/reg_value_prev_2 (FF)
  Requirement:          0.000ns
  Data Path Delay:      1.289ns (Levels of Logic = 0)
  Clock Path Skew:      0.061ns (0.091 - 0.030)
  Source Clock:         inst_top_camera_monitoring/clk1 rising at 20.000ns
  Destination Clock:    inst_top_camera_monitoring/clk1 rising at 20.000ns
  Clock Uncertainty:    0.000ns

  Minimum Data Path: inst_top_camera_monitoring/inst_ov7670contr1/SCCB/taken_i to inst_top_camera_monitoring/inst_ov7670contr1/SCCB/reg_value_prev_2
    Location             Delay type         Delay(ns)  Physical Resource
                                                       Logical Resource(s)
    -------------------------------------------------  -------------------
    SLICE_X66Y69.YQ      Tcko                  0.522   inst_top_camera_monitoring/inst_ov7670contr1/SCCB/taken_i
                                                       inst_top_camera_monitoring/inst_ov7670contr1/SCCB/taken_i
    SLICE_X77Y66.CE      net (fanout=17)       0.698   inst_top_camera_monitoring/inst_ov7670contr1/SCCB/taken_i
    SLICE_X77Y66.CLK     Tckce       (-Th)    -0.069   inst_top_camera_monitoring/inst_ov7670contr1/SCCB/reg_value_prev<2>
                                                       inst_top_camera_monitoring/inst_ov7670contr1/SCCB/reg_value_prev_2
    -------------------------------------------------  ---------------------------
    Total                                      1.289ns (0.591ns logic, 0.698ns route)
                                                       (45.8% logic, 54.2% route)

--------------------------------------------------------------------------------

Paths for end point inst_top_camera_monitoring/p1_state_FSM_FFd5 (SLICE_X26Y56.CE), 1 path
--------------------------------------------------------------------------------
Slack (hold path):      1.255ns (requirement - (clock path skew + uncertainty - data path))
  Source:               inst_top_camera_monitoring/crbc_i0/state_0 (FF)
  Destination:          inst_top_camera_monitoring/p1_state_FSM_FFd5 (FF)
  Requirement:          0.000ns
  Data Path Delay:      1.246ns (Levels of Logic = 0)
  Clock Path Skew:      -0.009ns (0.120 - 0.129)
  Source Clock:         inst_top_camera_monitoring/clk1 rising at 20.000ns
  Destination Clock:    inst_top_camera_monitoring/clk1 rising at 20.000ns
  Clock Uncertainty:    0.000ns

  Minimum Data Path: inst_top_camera_monitoring/crbc_i0/state_0 to inst_top_camera_monitoring/p1_state_FSM_FFd5
    Location             Delay type         Delay(ns)  Physical Resource
                                                       Logical Resource(s)
    -------------------------------------------------  -------------------
    SLICE_X25Y64.XQ      Tcko                  0.473   inst_top_camera_monitoring/crbc_i0/state<0>
                                                       inst_top_camera_monitoring/crbc_i0/state_0
    SLICE_X26Y56.CE      net (fanout=42)       0.704   inst_top_camera_monitoring/crbc_i0/state<0>
    SLICE_X26Y56.CLK     Tckce       (-Th)    -0.069   inst_top_camera_monitoring/p1_state_FSM_FFd5
                                                       inst_top_camera_monitoring/p1_state_FSM_FFd5
    -------------------------------------------------  ---------------------------
    Total                                      1.246ns (0.542ns logic, 0.704ns route)
                                                       (43.5% logic, 56.5% route)

--------------------------------------------------------------------------------

Paths for end point inst_top_camera_monitoring/p1_state_FSM_FFd4 (SLICE_X26Y53.CE), 1 path
--------------------------------------------------------------------------------
Slack (hold path):      1.276ns (requirement - (clock path skew + uncertainty - data path))
  Source:               inst_top_camera_monitoring/crbc_i0/state_0 (FF)
  Destination:          inst_top_camera_monitoring/p1_state_FSM_FFd4 (FF)
  Requirement:          0.000ns
  Data Path Delay:      1.264ns (Levels of Logic = 0)
  Clock Path Skew:      -0.012ns (0.117 - 0.129)
  Source Clock:         inst_top_camera_monitoring/clk1 rising at 20.000ns
  Destination Clock:    inst_top_camera_monitoring/clk1 rising at 20.000ns
  Clock Uncertainty:    0.000ns

  Minimum Data Path: inst_top_camera_monitoring/crbc_i0/state_0 to inst_top_camera_monitoring/p1_state_FSM_FFd4
    Location             Delay type         Delay(ns)  Physical Resource
                                                       Logical Resource(s)
    -------------------------------------------------  -------------------
    SLICE_X25Y64.XQ      Tcko                  0.473   inst_top_camera_monitoring/crbc_i0/state<0>
                                                       inst_top_camera_monitoring/crbc_i0/state_0
    SLICE_X26Y53.CE      net (fanout=42)       0.722   inst_top_camera_monitoring/crbc_i0/state<0>
    SLICE_X26Y53.CLK     Tckce       (-Th)    -0.069   inst_top_camera_monitoring/p1_state_FSM_FFd4
                                                       inst_top_camera_monitoring/p1_state_FSM_FFd4
    -------------------------------------------------  ---------------------------
    Total                                      1.264ns (0.542ns logic, 0.722ns route)
                                                       (42.9% logic, 57.1% route)

--------------------------------------------------------------------------------

Component Switching Limit Checks: TS_inst_top_camera_monitoring_clk11 = PERIOD TIMEGRP
        "inst_top_camera_monitoring_clk11" TS_clk HIGH 50%;
--------------------------------------------------------------------------------
Slack: 16.808ns (period - (min low pulse limit / (low pulse / period)))
  Period: 20.000ns
  Low pulse: 10.000ns
  Low pulse limit: 1.596ns (Trpw)
  Physical resource: Dq<0>/SR
  Logical resource: inst_top_camera_monitoring/dq_i_0/SR
  Location pin: L1.SR
  Clock network: pb_IBUF
--------------------------------------------------------------------------------
Slack: 16.808ns (period - (min high pulse limit / (high pulse / period)))
  Period: 20.000ns
  High pulse: 10.000ns
  High pulse limit: 1.596ns (Trpw)
  Physical resource: Dq<0>/SR
  Logical resource: inst_top_camera_monitoring/dq_i_0/SR
  Location pin: L1.SR
  Clock network: pb_IBUF
--------------------------------------------------------------------------------
Slack: 16.808ns (period - (min low pulse limit / (low pulse / period)))
  Period: 20.000ns
  Low pulse: 10.000ns
  Low pulse limit: 1.596ns (Trpw)
  Physical resource: Dq<0>/SR
  Logical resource: inst_top_camera_monitoring/dq_oo_0/SR
  Location pin: L1.SR
  Clock network: pb_IBUF
--------------------------------------------------------------------------------


Derived Constraint Report
Derived Constraints for TS_clk
+-------------------------------+-------------+-------------+-------------+-------------+-------------+-------------+-------------+
|                               |   Period    |       Actual Period       |      Timing Errors        |      Paths Analyzed       |
|           Constraint          | Requirement |-------------+-------------|-------------+-------------|-------------+-------------|
|                               |             |   Direct    | Derivative  |   Direct    | Derivative  |   Direct    | Derivative  |
+-------------------------------+-------------+-------------+-------------+-------------+-------------+-------------+-------------+
|TS_clk                         |     20.000ns|      6.000ns|     16.626ns|            0|            0|            0|        42065|
| TS_inst_top_camera_monitoring_|     20.000ns|     16.626ns|          N/A|            0|            0|        42065|            0|
| clk11                         |             |             |             |             |             |             |             |
+-------------------------------+-------------+-------------+-------------+-------------+-------------+-------------+-------------+

All constraints were met.


Data Sheet report:
-----------------
All values displayed in nanoseconds (ns)

Clock to Setup on destination clock i_clock
---------------+---------+---------+---------+---------+
               | Src:Rise| Src:Fall| Src:Rise| Src:Fall|
Source Clock   |Dest:Rise|Dest:Rise|Dest:Fall|Dest:Fall|
---------------+---------+---------+---------+---------+
i_clock        |   15.233|    2.612|    8.313|    8.932|
---------------+---------+---------+---------+---------+


Timing summary:
---------------

Timing errors: 0  Score: 0  (Setup/Max: 0, Hold: 0)

Constraints cover 42065 paths, 0 nets, and 3098 connections

Design statistics:
   Minimum period:  16.626ns{1}   (Maximum frequency:  60.147MHz)


------------------------------------Footnotes-----------------------------------
1)  The minimum period statistic assumes all single cycle delays.

Analysis completed Sun Apr 26 22:05:59 2026 
--------------------------------------------------------------------------------

Trace Settings:
-------------------------
Trace Settings 

Peak Memory Usage: 371 MB



