--------------------------------------------------------------------------------
Release 14.7 Trace  (lin64)
Copyright (c) 1995-2013 Xilinx, Inc.  All rights reserved.

/home/user/.local/Xilinx/14.7/ISE_DS/ISE/bin/lin64/unwrapped/trce -intstyle ise
-v 3 -s 4 -n 3 -fastpaths -xml top.twx top.ncd -o top.twr top.pcf

Design file:              top.ncd
Physical constraint file: top.pcf
Device,package,speed:     xc3s1200e,fg320,-4 (PRODUCTION 1.27 2013-10-13)
Report level:             verbose report

Environment Variable      Effect 
--------------------      ------ 
NONE                      No environment variables were set
--------------------------------------------------------------------------------

INFO:Timing:3412 - To improve timing, see the Timing Closure User Guide (UG612).
INFO:Timing:2752 - To get complete path coverage, use the unconstrained paths 
   option. All paths that are not constrained will be reported in the 
   unconstrained paths section(s) of the report.
INFO:Timing:3339 - The clock-to-out numbers in this timing report are based on 
   a 50 Ohm transmission line loading model.  For the details of this model, 
   and for more information on accounting for different loading conditions, 
   please see the device datasheet.
INFO:Timing:3390 - This architecture does not support a default System Jitter 
   value, please add SYSTEM_JITTER constraint to the UCF to modify the Clock 
   Uncertainty calculation.
INFO:Timing:3389 - This architecture does not support 'Discrete Jitter' and 
   'Phase Error' calculations, these terms will be zero in the Clock 
   Uncertainty calculation.  Please make appropriate modification to 
   SYSTEM_JITTER to account for the unsupported Discrete Jitter and Phase 
   Error.

================================================================================
Timing constraint: TS_pclk = PERIOD TIMEGRP "pclk" 41.667 ns HIGH 50%;
For more information, see Period Analysis in the Timing Closure User Guide (UG612).

 466 paths analyzed, 161 endpoints analyzed, 0 failing endpoints
 0 timing errors detected. (0 setup errors, 0 hold errors, 0 component switching limit errors)
 Minimum period is  13.880ns.
--------------------------------------------------------------------------------

Paths for end point inst_top_camera_monitoring/crbc_i0/ram_buffer_i0/Mram_RAM1.A (RAMB16_X1Y5.DIA3), 1 path
--------------------------------------------------------------------------------
Slack (setup path):     13.893ns (requirement - (data path - clock path skew + uncertainty))
  Source:               inst_top_camera_monitoring/inst_ov7670capt1/d_latch_3 (FF)
  Destination:          inst_top_camera_monitoring/crbc_i0/ram_buffer_i0/Mram_RAM1.A (RAM)
  Requirement:          20.833ns
  Data Path Delay:      2.494ns (Levels of Logic = 0)
  Clock Path Skew:      -4.446ns (2.029 - 6.475)
  Source Clock:         inst_top_camera_monitoring/cam_pclk rising at 0.000ns
  Destination Clock:    ov7670_pclk1_IBUF falling at 20.833ns
  Clock Uncertainty:    0.000ns

  Maximum Data Path: inst_top_camera_monitoring/inst_ov7670capt1/d_latch_3 to inst_top_camera_monitoring/crbc_i0/ram_buffer_i0/Mram_RAM1.A
    Location             Delay type         Delay(ns)  Physical Resource
                                                       Logical Resource(s)
    -------------------------------------------------  -------------------
    SLICE_X79Y29.XQ      Tcko                  0.591   inst_top_camera_monitoring/inst_ov7670capt1/d_latch<3>
                                                       inst_top_camera_monitoring/inst_ov7670capt1/d_latch_3
    RAMB16_X1Y5.DIA3     net (fanout=2)        1.676   inst_top_camera_monitoring/inst_ov7670capt1/d_latch<3>
    RAMB16_X1Y5.CLKA     Tbdck                 0.227   inst_top_camera_monitoring/crbc_i0/ram_buffer_i0/Mram_RAM1
                                                       inst_top_camera_monitoring/crbc_i0/ram_buffer_i0/Mram_RAM1.A
    -------------------------------------------------  ---------------------------
    Total                                      2.494ns (0.818ns logic, 1.676ns route)
                                                       (32.8% logic, 67.2% route)

--------------------------------------------------------------------------------

Paths for end point inst_top_camera_monitoring/crbc_i0/ram_buffer_i0/Mram_RAM1.A (RAMB16_X1Y5.DIA6), 1 path
--------------------------------------------------------------------------------
Slack (setup path):     14.066ns (requirement - (data path - clock path skew + uncertainty))
  Source:               inst_top_camera_monitoring/inst_ov7670capt1/d_latch_6 (FF)
  Destination:          inst_top_camera_monitoring/crbc_i0/ram_buffer_i0/Mram_RAM1.A (RAM)
  Requirement:          20.833ns
  Data Path Delay:      2.323ns (Levels of Logic = 0)
  Clock Path Skew:      -4.444ns (2.029 - 6.473)
  Source Clock:         inst_top_camera_monitoring/cam_pclk rising at 0.000ns
  Destination Clock:    ov7670_pclk1_IBUF falling at 20.833ns
  Clock Uncertainty:    0.000ns

  Maximum Data Path: inst_top_camera_monitoring/inst_ov7670capt1/d_latch_6 to inst_top_camera_monitoring/crbc_i0/ram_buffer_i0/Mram_RAM1.A
    Location             Delay type         Delay(ns)  Physical Resource
                                                       Logical Resource(s)
    -------------------------------------------------  -------------------
    SLICE_X78Y32.YQ      Tcko                  0.652   inst_top_camera_monitoring/inst_ov7670capt1/d_latch<7>
                                                       inst_top_camera_monitoring/inst_ov7670capt1/d_latch_6
    RAMB16_X1Y5.DIA6     net (fanout=2)        1.444   inst_top_camera_monitoring/inst_ov7670capt1/d_latch<6>
    RAMB16_X1Y5.CLKA     Tbdck                 0.227   inst_top_camera_monitoring/crbc_i0/ram_buffer_i0/Mram_RAM1
                                                       inst_top_camera_monitoring/crbc_i0/ram_buffer_i0/Mram_RAM1.A
    -------------------------------------------------  ---------------------------
    Total                                      2.323ns (0.879ns logic, 1.444ns route)
                                                       (37.8% logic, 62.2% route)

--------------------------------------------------------------------------------

Paths for end point inst_top_camera_monitoring/crbc_i0/ram_buffer_i0/Mram_RAM1.A (RAMB16_X1Y5.DIA7), 1 path
--------------------------------------------------------------------------------
Slack (setup path):     14.117ns (requirement - (data path - clock path skew + uncertainty))
  Source:               inst_top_camera_monitoring/inst_ov7670capt1/d_latch_7 (FF)
  Destination:          inst_top_camera_monitoring/crbc_i0/ram_buffer_i0/Mram_RAM1.A (RAM)
  Requirement:          20.833ns
  Data Path Delay:      2.272ns (Levels of Logic = 0)
  Clock Path Skew:      -4.444ns (2.029 - 6.473)
  Source Clock:         inst_top_camera_monitoring/cam_pclk rising at 0.000ns
  Destination Clock:    ov7670_pclk1_IBUF falling at 20.833ns
  Clock Uncertainty:    0.000ns

  Maximum Data Path: inst_top_camera_monitoring/inst_ov7670capt1/d_latch_7 to inst_top_camera_monitoring/crbc_i0/ram_buffer_i0/Mram_RAM1.A
    Location             Delay type         Delay(ns)  Physical Resource
                                                       Logical Resource(s)
    -------------------------------------------------  -------------------
    SLICE_X78Y32.XQ      Tcko                  0.592   inst_top_camera_monitoring/inst_ov7670capt1/d_latch<7>
                                                       inst_top_camera_monitoring/inst_ov7670capt1/d_latch_7
    RAMB16_X1Y5.DIA7     net (fanout=2)        1.453   inst_top_camera_monitoring/inst_ov7670capt1/d_latch<7>
    RAMB16_X1Y5.CLKA     Tbdck                 0.227   inst_top_camera_monitoring/crbc_i0/ram_buffer_i0/Mram_RAM1
                                                       inst_top_camera_monitoring/crbc_i0/ram_buffer_i0/Mram_RAM1.A
    -------------------------------------------------  ---------------------------
    Total                                      2.272ns (0.819ns logic, 1.453ns route)
                                                       (36.0% logic, 64.0% route)

--------------------------------------------------------------------------------

Hold Paths: TS_pclk = PERIOD TIMEGRP "pclk" 41.667 ns HIGH 50%;
--------------------------------------------------------------------------------

Paths for end point inst_top_camera_monitoring/inst_ov7670capt1/d_latch_9 (SLICE_X79Y32.BX), 1 path
--------------------------------------------------------------------------------
Slack (hold path):      0.984ns (requirement - (clock path skew + uncertainty - data path))
  Source:               inst_top_camera_monitoring/inst_ov7670capt1/d_latch_1 (FF)
  Destination:          inst_top_camera_monitoring/inst_ov7670capt1/d_latch_9 (FF)
  Requirement:          0.000ns
  Data Path Delay:      0.986ns (Levels of Logic = 0)
  Clock Path Skew:      0.002ns (0.016 - 0.014)
  Source Clock:         inst_top_camera_monitoring/cam_pclk rising at 41.667ns
  Destination Clock:    inst_top_camera_monitoring/cam_pclk rising at 41.667ns
  Clock Uncertainty:    0.000ns

  Minimum Data Path: inst_top_camera_monitoring/inst_ov7670capt1/d_latch_1 to inst_top_camera_monitoring/inst_ov7670capt1/d_latch_9
    Location             Delay type         Delay(ns)  Physical Resource
                                                       Logical Resource(s)
    -------------------------------------------------  -------------------
    SLICE_X78Y34.XQ      Tcko                  0.474   inst_top_camera_monitoring/inst_ov7670capt1/d_latch<1>
                                                       inst_top_camera_monitoring/inst_ov7670capt1/d_latch_1
    SLICE_X79Y32.BX      net (fanout=2)        0.419   inst_top_camera_monitoring/inst_ov7670capt1/d_latch<1>
    SLICE_X79Y32.CLK     Tckdi       (-Th)    -0.093   inst_top_camera_monitoring/inst_ov7670capt1/d_latch<9>
                                                       inst_top_camera_monitoring/inst_ov7670capt1/d_latch_9
    -------------------------------------------------  ---------------------------
    Total                                      0.986ns (0.567ns logic, 0.419ns route)
                                                       (57.5% logic, 42.5% route)

--------------------------------------------------------------------------------

Paths for end point inst_top_camera_monitoring/inst_ov7670capt1/d_latch_15 (SLICE_X78Y30.BX), 1 path
--------------------------------------------------------------------------------
Slack (hold path):      1.011ns (requirement - (clock path skew + uncertainty - data path))
  Source:               inst_top_camera_monitoring/inst_ov7670capt1/d_latch_7 (FF)
  Destination:          inst_top_camera_monitoring/inst_ov7670capt1/d_latch_15 (FF)
  Requirement:          0.000ns
  Data Path Delay:      1.012ns (Levels of Logic = 0)
  Clock Path Skew:      0.001ns (0.017 - 0.016)
  Source Clock:         inst_top_camera_monitoring/cam_pclk rising at 41.667ns
  Destination Clock:    inst_top_camera_monitoring/cam_pclk rising at 41.667ns
  Clock Uncertainty:    0.000ns

  Minimum Data Path: inst_top_camera_monitoring/inst_ov7670capt1/d_latch_7 to inst_top_camera_monitoring/inst_ov7670capt1/d_latch_15
    Location             Delay type         Delay(ns)  Physical Resource
                                                       Logical Resource(s)
    -------------------------------------------------  -------------------
    SLICE_X78Y32.XQ      Tcko                  0.474   inst_top_camera_monitoring/inst_ov7670capt1/d_latch<7>
                                                       inst_top_camera_monitoring/inst_ov7670capt1/d_latch_7
    SLICE_X78Y30.BX      net (fanout=2)        0.404   inst_top_camera_monitoring/inst_ov7670capt1/d_latch<7>
    SLICE_X78Y30.CLK     Tckdi       (-Th)    -0.134   inst_top_camera_monitoring/inst_ov7670capt1/d_latch<15>
                                                       inst_top_camera_monitoring/inst_ov7670capt1/d_latch_15
    -------------------------------------------------  ---------------------------
    Total                                      1.012ns (0.608ns logic, 0.404ns route)
                                                       (60.1% logic, 39.9% route)

--------------------------------------------------------------------------------

Paths for end point inst_top_camera_monitoring/inst_ov7670capt1/d_latch_11 (SLICE_X78Y29.BX), 1 path
--------------------------------------------------------------------------------
Slack (hold path):      1.022ns (requirement - (clock path skew + uncertainty - data path))
  Source:               inst_top_camera_monitoring/inst_ov7670capt1/d_latch_3 (FF)
  Destination:          inst_top_camera_monitoring/inst_ov7670capt1/d_latch_11 (FF)
  Requirement:          0.000ns
  Data Path Delay:      1.022ns (Levels of Logic = 0)
  Clock Path Skew:      0.000ns
  Source Clock:         inst_top_camera_monitoring/cam_pclk rising at 41.667ns
  Destination Clock:    inst_top_camera_monitoring/cam_pclk rising at 41.667ns
  Clock Uncertainty:    0.000ns

  Minimum Data Path: inst_top_camera_monitoring/inst_ov7670capt1/d_latch_3 to inst_top_camera_monitoring/inst_ov7670capt1/d_latch_11
    Location             Delay type         Delay(ns)  Physical Resource
                                                       Logical Resource(s)
    -------------------------------------------------  -------------------
    SLICE_X79Y29.XQ      Tcko                  0.473   inst_top_camera_monitoring/inst_ov7670capt1/d_latch<3>
                                                       inst_top_camera_monitoring/inst_ov7670capt1/d_latch_3
    SLICE_X78Y29.BX      net (fanout=2)        0.415   inst_top_camera_monitoring/inst_ov7670capt1/d_latch<3>
    SLICE_X78Y29.CLK     Tckdi       (-Th)    -0.134   inst_top_camera_monitoring/inst_ov7670capt1/d_latch<11>
                                                       inst_top_camera_monitoring/inst_ov7670capt1/d_latch_11
    -------------------------------------------------  ---------------------------
    Total                                      1.022ns (0.607ns logic, 0.415ns route)
                                                       (59.4% logic, 40.6% route)

--------------------------------------------------------------------------------

Component Switching Limit Checks: TS_pclk = PERIOD TIMEGRP "pclk" 41.667 ns HIGH 50%;
--------------------------------------------------------------------------------
Slack: 38.491ns (period - (min low pulse limit / (low pulse / period)))
  Period: 41.667ns
  Low pulse: 20.833ns
  Low pulse limit: 1.588ns (Tbpwl)
  Physical resource: inst_top_camera_monitoring/crbc_i0/ram_buffer_i0/Mram_RAM1/CLKA
  Logical resource: inst_top_camera_monitoring/crbc_i0/ram_buffer_i0/Mram_RAM1.A/CLKA
  Location pin: RAMB16_X1Y5.CLKA
  Clock network: ov7670_pclk1_IBUF
--------------------------------------------------------------------------------
Slack: 38.491ns (period - (min high pulse limit / (high pulse / period)))
  Period: 41.667ns
  High pulse: 20.833ns
  High pulse limit: 1.588ns (Tbpwh)
  Physical resource: inst_top_camera_monitoring/crbc_i0/ram_buffer_i0/Mram_RAM1/CLKA
  Logical resource: inst_top_camera_monitoring/crbc_i0/ram_buffer_i0/Mram_RAM1.A/CLKA
  Location pin: RAMB16_X1Y5.CLKA
  Clock network: ov7670_pclk1_IBUF
--------------------------------------------------------------------------------
Slack: 38.491ns (period - (min low pulse limit / (low pulse / period)))
  Period: 41.667ns
  Low pulse: 20.833ns
  Low pulse limit: 1.588ns (Tbpwl)
  Physical resource: inst_top_camera_monitoring/crbc_i0/ram_buffer_i0/Mram_RAM2/CLKA
  Logical resource: inst_top_camera_monitoring/crbc_i0/ram_buffer_i0/Mram_RAM2.A/CLKA
  Location pin: RAMB16_X1Y4.CLKA
  Clock network: ov7670_pclk1_IBUF
--------------------------------------------------------------------------------


All constraints were met.


Data Sheet report:
-----------------
All values displayed in nanoseconds (ns)

Clock to Setup on destination clock i_clock
---------------+---------+---------+---------+---------+
               | Src:Rise| Src:Fall| Src:Rise| Src:Fall|
Source Clock   |Dest:Rise|Dest:Rise|Dest:Fall|Dest:Fall|
---------------+---------+---------+---------+---------+
i_clock        |    8.697|    6.112|         |         |
ov7670_pclk1   |    8.697|    6.112|         |         |
sw<0>          |    8.697|    6.112|         |         |
---------------+---------+---------+---------+---------+

Clock to Setup on destination clock ov7670_pclk1
---------------+---------+---------+---------+---------+
               | Src:Rise| Src:Fall| Src:Rise| Src:Fall|
Source Clock   |Dest:Rise|Dest:Rise|Dest:Fall|Dest:Fall|
---------------+---------+---------+---------+---------+
i_clock        |    8.697|    6.112|    6.940|         |
ov7670_pclk1   |    8.697|    6.112|    6.940|         |
sw<0>          |    8.697|    6.112|    6.940|         |
---------------+---------+---------+---------+---------+

Clock to Setup on destination clock sw<0>
---------------+---------+---------+---------+---------+
               | Src:Rise| Src:Fall| Src:Rise| Src:Fall|
Source Clock   |Dest:Rise|Dest:Rise|Dest:Fall|Dest:Fall|
---------------+---------+---------+---------+---------+
i_clock        |    8.697|    6.112|         |         |
ov7670_pclk1   |    8.697|    6.112|         |         |
sw<0>          |    8.697|    6.112|         |         |
---------------+---------+---------+---------+---------+


Timing summary:
---------------

Timing errors: 0  Score: 0  (Setup/Max: 0, Hold: 0)

Constraints cover 466 paths, 0 nets, and 190 connections

Design statistics:
   Minimum period:  13.880ns{1}   (Maximum frequency:  72.046MHz)


------------------------------------Footnotes-----------------------------------
1)  The minimum period statistic assumes all single cycle delays.

Analysis completed Wed Apr 22 15:34:17 2026 
--------------------------------------------------------------------------------

Trace Settings:
-------------------------
Trace Settings 

Peak Memory Usage: 370 MB



