Release 14.7 - xst P.20131013 (lin64)
Copyright (c) 1995-2013 Xilinx, Inc.  All rights reserved.
--> 
Parameter TMPDIR set to xst/projnav.tmp


Total REAL time to Xst completion: 0.00 secs
Total CPU time to Xst completion: 0.02 secs
 
--> 
Parameter xsthdpdir set to xst


Total REAL time to Xst completion: 0.00 secs
Total CPU time to Xst completion: 0.03 secs
 
--> 
Reading design: top.prj

TABLE OF CONTENTS
  1) Synthesis Options Summary
  2) HDL Compilation
  3) Design Hierarchy Analysis
  4) HDL Analysis
  5) HDL Synthesis
     5.1) HDL Synthesis Report
  6) Advanced HDL Synthesis
     6.1) Advanced HDL Synthesis Report
  7) Low Level Synthesis
  8) Partition Report
  9) Final Report
	9.1) Device utilization summary
	9.2) Partition Resource Summary
	9.3) TIMING REPORT


=========================================================================
*                      Synthesis Options Summary                        *
=========================================================================
---- Source Parameters
Input File Name                    : "top.prj"
Input Format                       : mixed
Ignore Synthesis Constraint File   : NO

---- Target Parameters
Output File Name                   : "top"
Output Format                      : NGC
Target Device                      : xc3s1200e-4-fg320

---- Source Options
Top Module Name                    : top
Automatic FSM Extraction           : YES
FSM Encoding Algorithm             : Auto
Safe Implementation                : No
FSM Style                          : LUT
RAM Extraction                     : Yes
RAM Style                          : Auto
ROM Extraction                     : Yes
Mux Style                          : Auto
Decoder Extraction                 : YES
Priority Encoder Extraction        : Yes
Shift Register Extraction          : YES
Logical Shifter Extraction         : YES
XOR Collapsing                     : YES
ROM Style                          : Auto
Mux Extraction                     : Yes
Resource Sharing                   : YES
Asynchronous To Synchronous        : NO
Multiplier Style                   : Auto
Automatic Register Balancing       : No

---- Target Options
Add IO Buffers                     : YES
Global Maximum Fanout              : 100000
Add Generic Clock Buffer(BUFG)     : 24
Register Duplication               : YES
Slice Packing                      : YES
Optimize Instantiated Primitives   : NO
Use Clock Enable                   : Yes
Use Synchronous Set                : Yes
Use Synchronous Reset              : Yes
Pack IO Registers into IOBs        : Auto
Equivalent register Removal        : YES

---- General Options
Optimization Goal                  : Speed
Optimization Effort                : 1
Keep Hierarchy                     : No
Netlist Hierarchy                  : As_Optimized
RTL Output                         : Yes
Global Optimization                : AllClockNets
Read Cores                         : YES
Write Timing Constraints           : NO
Cross Clock Analysis               : NO
Hierarchy Separator                : /
Bus Delimiter                      : <>
Case Specifier                     : Maintain
Slice Utilization Ratio            : 100
BRAM Utilization Ratio             : 100
Verilog 2001                       : YES
Auto BRAM Packing                  : NO
Slice Utilization Ratio Delta      : 5

---- Other Options
Cores Search Directories           : {"ipcore_dir"  }

=========================================================================


=========================================================================
*                          HDL Compilation                              *
=========================================================================
Compiling vhdl file "/home/user/_WORKSPACE_/kedziorno/ov7670_vga_Nexys2/hdl/ov7670_rom.vhd" in Library work.
Architecture p_ov7670_rom of Entity p_ov7670_rom is up to date.
Compiling vhdl file "/home/user/_WORKSPACE_/kedziorno/ov7670_vga_Nexys2/hdl/ov7670_registers.vhd" in Library work.
Architecture raw_signal of Entity ov7670_registers is up to date.
Architecture behavioral of Entity ov7670_registers is up to date.
Compiling vhdl file "/home/user/_WORKSPACE_/kedziorno/ov7670_vga_Nexys2/hdl/ov7670_SCCB.vhd" in Library work.
Architecture behavioral of Entity ov7670_sccb is up to date.
Compiling vhdl file "/home/user/_WORKSPACE_/kedziorno/ov7670_vga_Nexys2/ipcore_dir/sink_read_1.vhd" in Library work.
Architecture sink_read_1_a of Entity sink_read_1 is up to date.
Compiling vhdl file "/home/user/_WORKSPACE_/kedziorno/ov7670_vga_Nexys2/hdl/micron_mem_parameters.vhd" in Library work.
Architecture micron_mem_parameters of Entity micron_mem_parameters is up to date.
Compiling vhdl file "/home/user/_WORKSPACE_/kedziorno/ov7670_vga_Nexys2/hdl/p_constants.vhd" in Library work.
Architecture p_constants of Entity p_constants is up to date.
Compiling vhdl file "/home/user/_WORKSPACE_/kedziorno/ov7670_vga_Nexys2/hdl/p_camera_colorbar.vhd" in Library work.
Architecture p_camera_colorbar of Entity p_camera_colorbar is up to date.
Compiling vhdl file "/home/user/_WORKSPACE_/kedziorno/ov7670_vga_Nexys2/hdl/CellRAMBurstController.vhd" in Library work.
Architecture crbc of Entity cellular_ram_burst_controller is up to date.
Compiling vhdl file "/home/user/_WORKSPACE_/kedziorno/ov7670_vga_Nexys2/hdl/debounce_circuit.vhd" in Library work.
Architecture behavioral of Entity debounce_circuit is up to date.
Compiling vhdl file "/home/user/_WORKSPACE_/kedziorno/ov7670_vga_Nexys2/hdl/ov7670_controller.vhd" in Library work.
Architecture behavioral of Entity ov7670_controller is up to date.
Compiling vhdl file "/home/user/_WORKSPACE_/kedziorno/ov7670_vga_Nexys2/hdl/ov7670_capture.vhd" in Library work.
Architecture behavioral of Entity ov7670_capture is up to date.
Compiling vhdl file "/home/user/_WORKSPACE_/kedziorno/ov7670_vga_Nexys2/hdl/address_generator.vhd" in Library work.
Architecture behavioral of Entity address_generator is up to date.
Compiling vhdl file "/home/user/_WORKSPACE_/kedziorno/ov7670_vga_Nexys2/hdl/vga_imagegenerator.vhd" in Library work.
Architecture behavioral of Entity vga_imagegenerator is up to date.
Compiling vhdl file "/home/user/_WORKSPACE_/kedziorno/ov7670_vga_Nexys2/hdl/vga_timing.vhd" in Library work.
Architecture lsfr_1 of Entity vga_timing_synch is up to date.
Architecture lsfr_2 of Entity vga_timing_synch is up to date.
Architecture jc of Entity vga_timing_synch is up to date.
Architecture counter of Entity vga_timing_synch is up to date.
Compiling vhdl file "/home/user/_WORKSPACE_/kedziorno/ov7670_vga_Nexys2/hdl/Top.vhd" in Library work.
Entity <top_camera_monitoring> compiled.
Entity <top_camera_monitoring> (Architecture <structural>) compiled.
Compiling vhdl file "/home/user/_WORKSPACE_/kedziorno/ov7670_vga_Nexys2/hdl/top1.vhd" in Library work.
Architecture behavioral of Entity top is up to date.
Compiling vhdl file "/home/user/_WORKSPACE_/kedziorno/ov7670_vga_Nexys2/ipcore_dir/frame_buffer.vhd" in Library work.
Architecture frame_buffer_a of Entity frame_buffer is up to date.
Compiling verilog file "hdl/ram_buffer.v" in library work
Module <asym_ram_sdp_read_wider> compiled
No errors in compilation
Analysis of file <"top.prj"> succeeded.
 

=========================================================================
*                     Design Hierarchy Analysis                         *
=========================================================================
Analyzing hierarchy for entity <top> in library <work> (architecture <behavioral>) with generics.
	c_pb_bits = 25

Analyzing hierarchy for entity <top_camera_monitoring> in library <work> (architecture <Structural>) with generics.
	c_hs_blanking = true
	c_pb_bits = 25
	c_synchronisation = true
	c_zero = 0

Analyzing hierarchy for entity <cellular_ram_burst_controller> in library <work> (architecture <crbc>).

Analyzing hierarchy for entity <debounce_circuit> in library <work> (architecture <behavioral>) with generics.
	PB_BITS = 25

Analyzing hierarchy for entity <ov7670_controller> in library <work> (architecture <behavioral>).

Analyzing hierarchy for entity <ov7670_capture> in library <work> (architecture <behavioral>).

Analyzing hierarchy for entity <address_generator> in library <work> (architecture <behavioral>).

Analyzing hierarchy for entity <vga_imagegenerator> in library <work> (architecture <behavioral>).

Analyzing hierarchy for entity <VGA_timing_synch> in library <work> (architecture <counter>).

Analyzing hierarchy for module <asym_ram_sdp_read_wider> in library <work> with parameters.
	ADDRWIDTHA = "00000000000000000000000000001010"
	ADDRWIDTHB = "00000000000000000000000000001010"
	RATIO = "00000000000000000000000000000001"
	SIZEA = "00000000000000000000010000000000"
	SIZEB = "00000000000000000000010000000000"
	WIDTHA = "00000000000000000000000000010000"
	WIDTHB = "00000000000000000000000000010000"
	log2RATIO = "00000000000000000000000000000001"
	maxSIZE = "00000000000000000000010000000000"
	maxWIDTH = "00000000000000000000000000010000"
	minWIDTH = "00000000000000000000000000010000"

Analyzing hierarchy for entity <ov7670_registers> in library <work> (architecture <Behavioral>) with generics.
	MODE = 0

Analyzing hierarchy for entity <ov7670_SCCB> in library <work> (architecture <behavioral>).


=========================================================================
*                            HDL Analysis                               *
=========================================================================
Analyzing generic Entity <top> in library <work> (Architecture <behavioral>).
	c_pb_bits = 25
Entity <top> analyzed. Unit <top> generated.

Analyzing generic Entity <top_camera_monitoring> in library <work> (Architecture <Structural>).
	c_hs_blanking = true
	c_pb_bits = 25
	c_synchronisation = true
	c_zero = 0
    Set user-defined property "CAPACITANCE =  DONT_CARE" for instance <ov7670_siod1_tri> in unit <top_camera_monitoring>.
    Set user-defined property "DRIVE =  12" for instance <ov7670_siod1_tri> in unit <top_camera_monitoring>.
    Set user-defined property "IBUF_DELAY_VALUE =  0" for instance <ov7670_siod1_tri> in unit <top_camera_monitoring>.
    Set user-defined property "IBUF_LOW_PWR =  TRUE" for instance <ov7670_siod1_tri> in unit <top_camera_monitoring>.
    Set user-defined property "IFD_DELAY_VALUE =  AUTO" for instance <ov7670_siod1_tri> in unit <top_camera_monitoring>.
    Set user-defined property "IOSTANDARD =  DEFAULT" for instance <ov7670_siod1_tri> in unit <top_camera_monitoring>.
    Set user-defined property "SLEW =  SLOW" for instance <ov7670_siod1_tri> in unit <top_camera_monitoring>.
WARNING:Xst:753 - "/home/user/_WORKSPACE_/kedziorno/ov7670_vga_Nexys2/hdl/Top.vhd" line 577: Unconnected output port 'xclk_out' of component 'ov7670_controller'.
    Set user-defined property "INIT =  0000" for instance <synchro_reset_i0> in unit <top_camera_monitoring>.
    Set user-defined property "CAPACITANCE =  DONT_CARE" for instance <IBUFG_global_clock1> in unit <top_camera_monitoring>.
    Set user-defined property "IBUF_DELAY_VALUE =  0" for instance <IBUFG_global_clock1> in unit <top_camera_monitoring>.
    Set user-defined property "IBUF_LOW_PWR =  TRUE" for instance <IBUFG_global_clock1> in unit <top_camera_monitoring>.
    Set user-defined property "IFD_DELAY_VALUE =  AUTO" for instance <IBUFG_global_clock1> in unit <top_camera_monitoring>.
    Set user-defined property "IOSTANDARD =  DEFAULT" for instance <IBUFG_global_clock1> in unit <top_camera_monitoring>.
    Set user-defined property "CLKDV_DIVIDE =  4.0000000000000000" for instance <DCM_SP_mc_fx_vga_dv> in unit <top_camera_monitoring>.
    Set user-defined property "CLKFX_DIVIDE =  25" for instance <DCM_SP_mc_fx_vga_dv> in unit <top_camera_monitoring>.
    Set user-defined property "CLKFX_MULTIPLY =  6" for instance <DCM_SP_mc_fx_vga_dv> in unit <top_camera_monitoring>.
    Set user-defined property "CLKIN_DIVIDE_BY_2 =  FALSE" for instance <DCM_SP_mc_fx_vga_dv> in unit <top_camera_monitoring>.
    Set user-defined property "CLKIN_PERIOD =  10.0000000000000000" for instance <DCM_SP_mc_fx_vga_dv> in unit <top_camera_monitoring>.
    Set user-defined property "CLKOUT_PHASE_SHIFT =  NONE" for instance <DCM_SP_mc_fx_vga_dv> in unit <top_camera_monitoring>.
    Set user-defined property "CLK_FEEDBACK =  1X" for instance <DCM_SP_mc_fx_vga_dv> in unit <top_camera_monitoring>.
    Set user-defined property "DESKEW_ADJUST =  SYSTEM_SYNCHRONOUS" for instance <DCM_SP_mc_fx_vga_dv> in unit <top_camera_monitoring>.
    Set user-defined property "DFS_FREQUENCY_MODE =  LOW" for instance <DCM_SP_mc_fx_vga_dv> in unit <top_camera_monitoring>.
    Set user-defined property "DLL_FREQUENCY_MODE =  LOW" for instance <DCM_SP_mc_fx_vga_dv> in unit <top_camera_monitoring>.
    Set user-defined property "DSS_MODE =  NONE" for instance <DCM_SP_mc_fx_vga_dv> in unit <top_camera_monitoring>.
    Set user-defined property "DUTY_CYCLE_CORRECTION =  TRUE" for instance <DCM_SP_mc_fx_vga_dv> in unit <top_camera_monitoring>.
    Set user-defined property "FACTORY_JF =  C080" for instance <DCM_SP_mc_fx_vga_dv> in unit <top_camera_monitoring>.
    Set user-defined property "PHASE_SHIFT =  0" for instance <DCM_SP_mc_fx_vga_dv> in unit <top_camera_monitoring>.
    Set user-defined property "STARTUP_WAIT =  FALSE" for instance <DCM_SP_mc_fx_vga_dv> in unit <top_camera_monitoring>.
    Set user-defined property "CAPACITANCE =  DONT_CARE" for instance <IBUFG_global_clock2> in unit <top_camera_monitoring>.
    Set user-defined property "IBUF_DELAY_VALUE =  0" for instance <IBUFG_global_clock2> in unit <top_camera_monitoring>.
    Set user-defined property "IBUF_LOW_PWR =  TRUE" for instance <IBUFG_global_clock2> in unit <top_camera_monitoring>.
    Set user-defined property "IOSTANDARD =  DEFAULT" for instance <IBUFG_global_clock2> in unit <top_camera_monitoring>.
    Set user-defined property "CLKDV_DIVIDE =  4.0000000000000000" for instance <DCM_SP_cam> in unit <top_camera_monitoring>.
    Set user-defined property "CLKFX_DIVIDE =  2" for instance <DCM_SP_cam> in unit <top_camera_monitoring>.
    Set user-defined property "CLKFX_MULTIPLY =  8" for instance <DCM_SP_cam> in unit <top_camera_monitoring>.
    Set user-defined property "CLKIN_DIVIDE_BY_2 =  FALSE" for instance <DCM_SP_cam> in unit <top_camera_monitoring>.
    Set user-defined property "CLKIN_PERIOD =  20.0000000000000000" for instance <DCM_SP_cam> in unit <top_camera_monitoring>.
    Set user-defined property "CLKOUT_PHASE_SHIFT =  NONE" for instance <DCM_SP_cam> in unit <top_camera_monitoring>.
    Set user-defined property "CLK_FEEDBACK =  1X" for instance <DCM_SP_cam> in unit <top_camera_monitoring>.
    Set user-defined property "DESKEW_ADJUST =  SYSTEM_SYNCHRONOUS" for instance <DCM_SP_cam> in unit <top_camera_monitoring>.
    Set user-defined property "DFS_FREQUENCY_MODE =  LOW" for instance <DCM_SP_cam> in unit <top_camera_monitoring>.
    Set user-defined property "DLL_FREQUENCY_MODE =  LOW" for instance <DCM_SP_cam> in unit <top_camera_monitoring>.
    Set user-defined property "DSS_MODE =  NONE" for instance <DCM_SP_cam> in unit <top_camera_monitoring>.
    Set user-defined property "DUTY_CYCLE_CORRECTION =  TRUE" for instance <DCM_SP_cam> in unit <top_camera_monitoring>.
    Set user-defined property "FACTORY_JF =  C080" for instance <DCM_SP_cam> in unit <top_camera_monitoring>.
    Set user-defined property "PHASE_SHIFT =  0" for instance <DCM_SP_cam> in unit <top_camera_monitoring>.
    Set user-defined property "STARTUP_WAIT =  FALSE" for instance <DCM_SP_cam> in unit <top_camera_monitoring>.
INFO:Xst:2679 - Register <w8_bw> in unit <top_camera_monitoring> has a constant value of 0 during circuit operation. The register is replaced by logic.
INFO:Xst:2679 - Register <w8_br> in unit <top_camera_monitoring> has a constant value of 0 during circuit operation. The register is replaced by logic.
Entity <top_camera_monitoring> analyzed. Unit <top_camera_monitoring> generated.

Analyzing Entity <cellular_ram_burst_controller> in library <work> (Architecture <crbc>).
WARNING:Xst:2211 - "/home/user/_WORKSPACE_/kedziorno/ov7670_vga_Nexys2/hdl/CellRAMBurstController.vhd" line 235: Instantiating black box module <sink_read_1>.
Entity <cellular_ram_burst_controller> analyzed. Unit <cellular_ram_burst_controller> generated.

Analyzing module <asym_ram_sdp_read_wider> in library <work>.
	ADDRWIDTHA = 32'sb00000000000000000000000000001010
	ADDRWIDTHB = 32'sb00000000000000000000000000001010
	RATIO = 32'b00000000000000000000000000000001
	SIZEA = 32'sb00000000000000000000010000000000
	SIZEB = 32'sb00000000000000000000010000000000
	WIDTHA = 32'sb00000000000000000000000000010000
	WIDTHB = 32'sb00000000000000000000000000010000
	log2RATIO = 32'sb00000000000000000000000000000001
	maxSIZE = 32'b00000000000000000000010000000000
	maxWIDTH = 32'b00000000000000000000000000010000
	minWIDTH = 32'b00000000000000000000000000010000
INFO:Xst:1433 - Contents of array <RAM> may be accessed with an index that exceeds the array size. This could cause simulation mismatch.
Module <asym_ram_sdp_read_wider> is correct for synthesis.
 
Analyzing generic Entity <debounce_circuit> in library <work> (Architecture <behavioral>).
	PB_BITS = 25
Entity <debounce_circuit> analyzed. Unit <debounce_circuit> generated.

Analyzing Entity <ov7670_controller> in library <work> (Architecture <behavioral>).
Entity <ov7670_controller> analyzed. Unit <ov7670_controller> generated.

Analyzing generic Entity <ov7670_registers> in library <work> (Architecture <Behavioral>).
	MODE = 0
Entity <ov7670_registers> analyzed. Unit <ov7670_registers> generated.

Analyzing Entity <ov7670_SCCB> in library <work> (Architecture <behavioral>).
Entity <ov7670_SCCB> analyzed. Unit <ov7670_SCCB> generated.

Analyzing Entity <ov7670_capture> in library <work> (Architecture <behavioral>).
INFO:Xst:2679 - Register <href_last> in unit <ov7670_capture> has a constant value of 0 during circuit operation. The register is replaced by logic.
INFO:Xst:2679 - Register <row> in unit <ov7670_capture> has a constant value of 00 during circuit operation. The register is replaced by logic.
Entity <ov7670_capture> analyzed. Unit <ov7670_capture> generated.

Analyzing Entity <address_generator> in library <work> (Architecture <behavioral>).
Entity <address_generator> analyzed. Unit <address_generator> generated.

Analyzing Entity <vga_imagegenerator> in library <work> (Architecture <behavioral>).
Entity <vga_imagegenerator> analyzed. Unit <vga_imagegenerator> generated.

Analyzing Entity <VGA_timing_synch> in library <work> (Architecture <counter>).
Entity <VGA_timing_synch> analyzed. Unit <VGA_timing_synch> generated.


=========================================================================
*                           HDL Synthesis                               *
=========================================================================

Performing bidirectional port resolution...
INFO:Xst:2679 - Register <i> in unit <asym_ram_sdp_read_wider> has a constant value of 1 during circuit operation. The register is replaced by logic.
INFO:Xst:2679 - Register <lsbaddr> in unit <asym_ram_sdp_read_wider> has a constant value of 0 during circuit operation. The register is replaced by logic.

Synthesizing Unit <debounce_circuit>.
    Related source file is "/home/user/_WORKSPACE_/kedziorno/ov7670_vga_Nexys2/hdl/debounce_circuit.vhd".
    Found finite state machine <FSM_0> for signal <state>.
    -----------------------------------------------------------------------
    | States             | 3                                              |
    | Transitions        | 6                                              |
    | Inputs             | 3                                              |
    | Outputs            | 3                                              |
    | Clock              | clk                       (rising_edge)        |
    | Reset              | reset                     (positive)           |
    | Reset type         | synchronous                                    |
    | Reset State        | 00                                             |
    | Power Up State     | 00                                             |
    | Encoding           | automatic                                      |
    | Implementation     | LUT                                            |
    -----------------------------------------------------------------------
    Found 1-bit register for signal <output>.
    Found 25-bit up counter for signal <counter>.
    Found 4-bit up counter for signal <v_ticks>.
    Summary:
	inferred   1 Finite State Machine(s).
	inferred   2 Counter(s).
	inferred   1 D-type flip-flop(s).
Unit <debounce_circuit> synthesized.


Synthesizing Unit <ov7670_capture>.
    Related source file is "/home/user/_WORKSPACE_/kedziorno/ov7670_vga_Nexys2/hdl/ov7670_capture.vhd".
WARNING:Xst:646 - Signal <row> is assigned but never used. This unconnected signal will be trimmed during the optimization process.
WARNING:Xst:646 - Signal <href_last<0>> is assigned but never used. This unconnected signal will be trimmed during the optimization process.
WARNING:Xst:646 - Signal <href_hold> is assigned but never used. This unconnected signal will be trimmed during the optimization process.
    Found 10-bit up counter for signal <addr1>.
    Found 10-bit up counter for signal <address>.
    Found 16-bit register for signal <d_latch>.
    Found 8-bit register for signal <latched_d>.
    Found 1-bit register for signal <latched_href>.
    Found 1-bit register for signal <latched_vsync>.
    Found 1-bit register for signal <we_reg>.
    Summary:
	inferred   2 Counter(s).
	inferred  27 D-type flip-flop(s).
Unit <ov7670_capture> synthesized.


Synthesizing Unit <address_generator>.
    Related source file is "/home/user/_WORKSPACE_/kedziorno/ov7670_vga_Nexys2/hdl/address_generator.vhd".
    Found 10-bit up counter for signal <addr>.
    Found 11-bit comparator greatequal for signal <addr$cmp_ge0000> created at line 36.
    Found 11-bit up counter for signal <addr1>.
    Found 12-bit comparator greatequal for signal <addr1$cmp_ge0000> created at line 41.
    Found 1-bit register for signal <enable_prev>.
    Summary:
	inferred   2 Counter(s).
	inferred   1 D-type flip-flop(s).
	inferred   2 Comparator(s).
Unit <address_generator> synthesized.


Synthesizing Unit <vga_imagegenerator>.
    Related source file is "/home/user/_WORKSPACE_/kedziorno/ov7670_vga_Nexys2/hdl/vga_imagegenerator.vhd".
WARNING:Xst:647 - Input <Data_in1<12>> is never used. This port will be preserved and left unconnected if it belongs to a top-level block or it belongs to a sub-block and the hierarchy of this sub-block is preserved.
WARNING:Xst:647 - Input <Data_in1<8>> is never used. This port will be preserved and left unconnected if it belongs to a top-level block or it belongs to a sub-block and the hierarchy of this sub-block is preserved.
WARNING:Xst:647 - Input <Data_in1<5:0>> is never used. This port will be preserved and left unconnected if it belongs to a top-level block or it belongs to a sub-block and the hierarchy of this sub-block is preserved.
WARNING:Xst:647 - Input <reset> is never used. This port will be preserved and left unconnected if it belongs to a top-level block or it belongs to a sub-block and the hierarchy of this sub-block is preserved.
Unit <vga_imagegenerator> synthesized.


Synthesizing Unit <VGA_timing_synch>.
    Related source file is "/home/user/_WORKSPACE_/kedziorno/ov7670_vga_Nexys2/hdl/vga_timing.vhd".
    Found 1-bit register for signal <Vsync>.
    Found 10-bit comparator less for signal <activeArea1_sig$cmp_lt0000> created at line 461.
    Found 10-bit comparator less for signal <activeArea1_sig$cmp_lt0001> created at line 461.
    Found 10-bit comparator greatequal for signal <blank_i$cmp_ge0000> created at line 463.
    Found 10-bit comparator greatequal for signal <blank_i$cmp_ge0001> created at line 463.
    Found 10-bit up counter for signal <hcnt>.
    Found 1-bit register for signal <Hsync_i>.
    Found 10-bit comparator greater for signal <Hsync_i$cmp_gt0000> created at line 438.
    Found 10-bit comparator less for signal <Hsync_i$cmp_lt0000> created at line 438.
    Found 10-bit comparator less for signal <int$cmp_lt0000> created at line 474.
    Found 10-bit up counter for signal <vcnt>.
    Found 10-bit comparator greater for signal <Vsync$cmp_gt0000> created at line 452.
    Found 10-bit comparator less for signal <Vsync$cmp_lt0000> created at line 452.
    Summary:
	inferred   2 Counter(s).
	inferred   2 D-type flip-flop(s).
	inferred   9 Comparator(s).
Unit <VGA_timing_synch> synthesized.


Synthesizing Unit <asym_ram_sdp_read_wider>.
    Related source file is "hdl/ram_buffer.v".
WARNING:Xst:646 - Signal <lsbaddr<0>> is assigned but never used. This unconnected signal will be trimmed during the optimization process.
    Found 1024x16-bit dual-port RAM <Mram_RAM> for signal <RAM>.
    Found 16-bit register for signal <readB>.
    Summary:
	inferred   1 RAM(s).
	inferred  16 D-type flip-flop(s).
Unit <asym_ram_sdp_read_wider> synthesized.


Synthesizing Unit <ov7670_registers>.
    Related source file is "/home/user/_WORKSPACE_/kedziorno/ov7670_vga_Nexys2/hdl/ov7670_registers.vhd".
    Found 49x16-bit ROM for signal <cmd_reg$rom0000> created at line 102.
    Found 6-bit up counter for signal <sequence>.
    Found 20-bit up counter for signal <wait_reset>.
    Summary:
	inferred   1 ROM(s).
	inferred   2 Counter(s).
Unit <ov7670_registers> synthesized.


Synthesizing Unit <ov7670_SCCB>.
    Related source file is "/home/user/_WORKSPACE_/kedziorno/ov7670_vga_Nexys2/hdl/ov7670_SCCB.vhd".
WARNING:Xst:647 - Input <siodi> is never used. This port will be preserved and left unconnected if it belongs to a top-level block or it belongs to a sub-block and the hierarchy of this sub-block is preserved.
    Found 4x1-bit ROM for signal <sioc_i$mux0003> created at line 115.
    Found 8-bit register for signal <addr_reg_prev>.
    Found 32-bit register for signal <busy_sr>.
    Found 32-bit register for signal <data_sr>.
    Found 8-bit register for signal <reg_value_prev>.
    Found 8-bit up counter for signal <scaler>.
    Found 1-bit register for signal <sioc_i>.
    Found 1-bit register for signal <taken_i>.
    Summary:
	inferred   1 ROM(s).
	inferred   1 Counter(s).
	inferred  82 D-type flip-flop(s).
Unit <ov7670_SCCB> synthesized.


Synthesizing Unit <cellular_ram_burst_controller>.
    Related source file is "/home/user/_WORKSPACE_/kedziorno/ov7670_vga_Nexys2/hdl/CellRAMBurstController.vhd".
WARNING:Xst:1305 - Output <lb> is never assigned. Tied to value 0.
WARNING:Xst:647 - Input <clk25> is never used. This port will be preserved and left unconnected if it belongs to a top-level block or it belongs to a sub-block and the hierarchy of this sub-block is preserved.
WARNING:Xst:1305 - Output <ub> is never assigned. Tied to value 0.
WARNING:Xst:646 - Signal <write_buffer_we1<0>> is assigned but never used. This unconnected signal will be trimmed during the optimization process.
WARNING:Xst:646 - Signal <vga_int_i> is assigned but never used. This unconnected signal will be trimmed during the optimization process.
WARNING:Xst:1780 - Signal <ramclken> is never used or assigned. This unconnected signal will be trimmed during the optimization process.
WARNING:Xst:646 - Signal <owait1> is assigned but never used. This unconnected signal will be trimmed during the optimization process.
WARNING:Xst:646 - Signal <clk_enable> is assigned but never used. This unconnected signal will be trimmed during the optimization process.
WARNING:Xst:1780 - Signal <clk2x> is never used or assigned. This unconnected signal will be trimmed during the optimization process.
WARNING:Xst:1780 - Signal <clk2d> is never used or assigned. This unconnected signal will be trimmed during the optimization process.
WARNING:Xst:1780 - Signal <clk0_fb> is never used or assigned. This unconnected signal will be trimmed during the optimization process.
WARNING:Xst:1780 - Signal <clk0> is never used or assigned. This unconnected signal will be trimmed during the optimization process.
    Using one-hot encoding for signal <state>.
    Found 1-bit register for signal <ce>.
    Found 1-bit register for signal <cre>.
    Found 16-bit tristate buffer for signal <dq>.
    Found 23-bit register for signal <a>.
    Found 1-bit register for signal <oe>.
    Found 1-bit register for signal <adv>.
    Found 23-bit register for signal <burst_read_addr>.
    Found 23-bit register for signal <burst_write_addr>.
    Found 11-bit register for signal <bytes_to_read>.
    Found 11-bit register for signal <bytes_to_write>.
    Found 16-bit register for signal <data_out_enable>.
    Found 11-bit comparator lessequal for signal <next_state$cmp_le0000> created at line 635.
    Found 11-bit comparator lessequal for signal <next_state$cmp_le0001> created at line 661.
    Found 11-bit register for signal <read_counter>.
    Found 11-bit subtractor for signal <read_counter$share0000>.
    Found 10-bit register for signal <sink_addr>.
    Found 10-bit adder for signal <sink_addr$share0000>.
    Found 1-bit register for signal <sink_we>.
    Found 10-bit register for signal <source_addr>.
    Found 10-bit addsub for signal <source_addr$share0000>.
    Found 27-bit register for signal <state>.
    Found 11-bit comparator greater for signal <state$cmp_gt0000> created at line 257.
    Found 11-bit comparator greater for signal <state$cmp_gt0001> created at line 253.
    Found 8-bit register for signal <state_cntr>.
    Found 8-bit subtractor for signal <state_cntr$share0000>.
    Found 23-bit register for signal <this_read_addr>.
    Found 11-bit subtractor for signal <this_read_addr$addsub0000> created at line 575.
    Found 23-bit adder for signal <this_read_addr$addsub0001> created at line 575.
    Found 23-bit register for signal <this_write_addr>.
    Found 11-bit subtractor for signal <this_write_addr$addsub0000> created at line 521.
    Found 11-bit subtractor for signal <this_write_addr$addsub0001> created at line 521.
    Found 23-bit adder for signal <this_write_addr$addsub0002> created at line 521.
    Found 1-bit register for signal <we_i>.
    Found 11-bit register for signal <write_counter>.
    Found 11-bit addsub for signal <write_counter$share0000>.
    Summary:
	inferred 236 D-type flip-flop(s).
	inferred  10 Adder/Subtractor(s).
	inferred   4 Comparator(s).
	inferred  16 Tristate(s).
Unit <cellular_ram_burst_controller> synthesized.


Synthesizing Unit <ov7670_controller>.
    Related source file is "/home/user/_WORKSPACE_/kedziorno/ov7670_vga_Nexys2/hdl/ov7670_controller.vhd".
    Found 1-bit register for signal <reset>.
    Summary:
	inferred   1 D-type flip-flop(s).
Unit <ov7670_controller> synthesized.


Synthesizing Unit <top_camera_monitoring>.
    Related source file is "/home/user/_WORKSPACE_/kedziorno/ov7670_vga_Nexys2/hdl/Top.vhd".
WARNING:Xst:1305 - Output <ov7670_data_0> is never assigned. Tied to value 0.
WARNING:Xst:1305 - Output <ov7670_data_1> is never assigned. Tied to value 0.
WARNING:Xst:1305 - Output <ov7670_data_2> is never assigned. Tied to value 0.
WARNING:Xst:1305 - Output <ov7670_data_3> is never assigned. Tied to value 0.
WARNING:Xst:647 - Input <sw> is never used. This port will be preserved and left unconnected if it belongs to a top-level block or it belongs to a sub-block and the hierarchy of this sub-block is preserved.
WARNING:Xst:1305 - Output <vga_vsdbg> is never assigned. Tied to value 0.
WARNING:Xst:646 - Signal <wren1<0>> is assigned but never used. This unconnected signal will be trimmed during the optimization process.
WARNING:Xst:1780 - Signal <wr_counter1> is never used or assigned. This unconnected signal will be trimmed during the optimization process.
WARNING:Xst:1780 - Signal <wr_counter> is never used or assigned. This unconnected signal will be trimmed during the optimization process.
WARNING:Xst:1780 - Signal <we_ni> is never used or assigned. This unconnected signal will be trimmed during the optimization process.
WARNING:Xst:646 - Signal <w8_bw<0>> is assigned but never used. This unconnected signal will be trimmed during the optimization process.
WARNING:Xst:646 - Signal <w8_br<0>> is assigned but never used. This unconnected signal will be trimmed during the optimization process.
WARNING:Xst:646 - Signal <vint> is assigned but never used. This unconnected signal will be trimmed during the optimization process.
WARNING:Xst:1780 - Signal <vga_re> is never used or assigned. This unconnected signal will be trimmed during the optimization process.
WARNING:Xst:646 - Signal <vga_hsync_i_prev> is assigned but never used. This unconnected signal will be trimmed during the optimization process.
WARNING:Xst:646 - Signal <vga_fint> is assigned but never used. This unconnected signal will be trimmed during the optimization process.
WARNING:Xst:1780 - Signal <vga_clock_p> is never used or assigned. This unconnected signal will be trimmed during the optimization process.
WARNING:Xst:1780 - Signal <start_read> is never used or assigned. This unconnected signal will be trimmed during the optimization process.
WARNING:Xst:1780 - Signal <rgb565> is never used or assigned. This unconnected signal will be trimmed during the optimization process.
WARNING:Xst:1780 - Signal <rgb444> is never used or assigned. This unconnected signal will be trimmed during the optimization process.
WARNING:Xst:1780 - Signal <reset_vga_timing> is never used or assigned. This unconnected signal will be trimmed during the optimization process.
WARNING:Xst:1780 - Signal <rd_counter1> is never used or assigned. This unconnected signal will be trimmed during the optimization process.
WARNING:Xst:1780 - Signal <rd_counter> is never used or assigned. This unconnected signal will be trimmed during the optimization process.
WARNING:Xst:1780 - Signal <ov7670_xclkv> is never used or assigned. This unconnected signal will be trimmed during the optimization process.
WARNING:Xst:1780 - Signal <ov7670_vsyncv> is never used or assigned. This unconnected signal will be trimmed during the optimization process.
WARNING:Xst:1780 - Signal <ov7670_siodv> is never used or assigned. This unconnected signal will be trimmed during the optimization process.
WARNING:Xst:1780 - Signal <ov7670_siocv> is never used or assigned. This unconnected signal will be trimmed during the optimization process.
WARNING:Xst:1780 - Signal <ov7670_resetv> is never used or assigned. This unconnected signal will be trimmed during the optimization process.
WARNING:Xst:1780 - Signal <ov7670_pwdnv> is never used or assigned. This unconnected signal will be trimmed during the optimization process.
WARNING:Xst:1780 - Signal <ov7670_pclkv> is never used or assigned. This unconnected signal will be trimmed during the optimization process.
WARNING:Xst:1780 - Signal <ov7670_pclk_p> is never used or assigned. This unconnected signal will be trimmed during the optimization process.
WARNING:Xst:1780 - Signal <ov7670_pclk1_inv> is never used or assigned. This unconnected signal will be trimmed during the optimization process.
WARNING:Xst:1780 - Signal <ov7670_pclk1_ibuf> is never used or assigned. This unconnected signal will be trimmed during the optimization process.
WARNING:Xst:646 - Signal <ov7670_hs_prev> is assigned but never used. This unconnected signal will be trimmed during the optimization process.
WARNING:Xst:1780 - Signal <ov7670_hrefv> is never used or assigned. This unconnected signal will be trimmed during the optimization process.
WARNING:Xst:1780 - Signal <ov7670_datav> is never used or assigned. This unconnected signal will be trimmed during the optimization process.
WARNING:Xst:1780 - Signal <oe_ni> is never used or assigned. This unconnected signal will be trimmed during the optimization process.
WARNING:Xst:1780 - Signal <mem_switch_state> is never used or assigned. This unconnected signal will be trimmed during the optimization process.
WARNING:Xst:646 - Signal <latched_vs> is assigned but never used. This unconnected signal will be trimmed during the optimization process.
WARNING:Xst:646 - Signal <latched_hs> is assigned but never used. This unconnected signal will be trimmed during the optimization process.
WARNING:Xst:1780 - Signal <cntr_wr1_slv> is never used or assigned. This unconnected signal will be trimmed during the optimization process.
WARNING:Xst:1780 - Signal <cntr_rd1_slv> is never used or assigned. This unconnected signal will be trimmed during the optimization process.
WARNING:Xst:646 - Signal <clk_mc> is assigned but never used. This unconnected signal will be trimmed during the optimization process.
WARNING:Xst:1780 - Signal <clk2x_1> is never used or assigned. This unconnected signal will be trimmed during the optimization process.
WARNING:Xst:1780 - Signal <cc> is never used or assigned. This unconnected signal will be trimmed during the optimization process.
WARNING:Xst:1780 - Signal <cam_re> is never used or assigned. This unconnected signal will be trimmed during the optimization process.
WARNING:Xst:646 - Signal <address1> is assigned but never used. This unconnected signal will be trimmed during the optimization process.
    Found finite state machine <FSM_1> for signal <p1_state>.
    -----------------------------------------------------------------------
    | States             | 10                                             |
    | Transitions        | 19                                             |
    | Inputs             | 3                                              |
    | Outputs            | 8                                              |
    | Clock              | clk0                      (rising_edge)        |
    | Reset              | resend                    (positive)           |
    | Reset type         | synchronous                                    |
    | Reset State        | a0                                             |
    | Power Up State     | a0                                             |
    | Encoding           | automatic                                      |
    | Implementation     | LUT                                            |
    -----------------------------------------------------------------------
    Found finite state machine <FSM_2> for signal <p0_state>.
    -----------------------------------------------------------------------
    | States             | 9                                              |
    | Transitions        | 19                                             |
    | Inputs             | 3                                              |
    | Outputs            | 9                                              |
    | Clock              | clk0                      (rising_edge)        |
    | Reset              | resend                    (positive)           |
    | Reset type         | synchronous                                    |
    | Reset State        | a0                                             |
    | Power Up State     | a0                                             |
    | Encoding           | automatic                                      |
    | Implementation     | LUT                                            |
    -----------------------------------------------------------------------
    Found 1-bit register for signal <cint1>.
    Found 1-bit register for signal <cints>.
    Found 18-bit register for signal <cntr_rd1>.
    Found 18-bit adder for signal <cntr_rd1$addsub0000> created at line 497.
    Found 18-bit register for signal <cntr_wr1>.
    Found 18-bit adder for signal <cntr_wr1$addsub0000> created at line 403.
    Found 16-bit register for signal <data_r>.
    Found 16-bit register for signal <data_w>.
    Found 16-bit register for signal <id_r>.
    Found 16-bit register for signal <id_w>.
    Found 8-bit register for signal <ov7670_d>.
    Found 1-bit register for signal <ov7670_hs>.
    Found 1-bit register for signal <ov7670_pclk>.
    Found 1-bit register for signal <ov7670_vs>.
    Found 2-bit register for signal <ov7670_vs_next>.
    Found 1-bit register for signal <ov7670_vs_prev>.
    Found 1-bit register for signal <owait1>.
    Found 1-bit register for signal <p0_r>.
    Found 1-bit register for signal <p0_w>.
    Found 1-bit register for signal <vga_vsync_sig_prev>.
    Found 1-bit register for signal <wrc_r>.
    Found 1-bit register for signal <wrc_w>.
    Summary:
	inferred   2 Finite State Machine(s).
	inferred 122 D-type flip-flop(s).
	inferred   2 Adder/Subtractor(s).
Unit <top_camera_monitoring> synthesized.


Synthesizing Unit <top>.
    Related source file is "/home/user/_WORKSPACE_/kedziorno/ov7670_vga_Nexys2/hdl/top1.vhd".
Unit <top> synthesized.

INFO:Xst:1767 - HDL ADVISOR - Resource sharing has identified that some arithmetic operations in this design can share the same physical resources for reduced device utilization. For improved clock frequency you may try to disable resource sharing.

=========================================================================
HDL Synthesis Report

Macro Statistics
# RAMs                                                 : 1
 1024x16-bit dual-port RAM                             : 1
# ROMs                                                 : 2
 49x16-bit ROM                                         : 1
 4x1-bit ROM                                           : 1
# Adders/Subtractors                                   : 12
 10-bit adder                                          : 1
 10-bit addsub                                         : 1
 11-bit addsub                                         : 1
 11-bit subtractor                                     : 4
 18-bit adder                                          : 2
 23-bit adder                                          : 2
 8-bit subtractor                                      : 1
# Counters                                             : 11
 10-bit up counter                                     : 5
 11-bit up counter                                     : 1
 20-bit up counter                                     : 1
 25-bit up counter                                     : 1
 4-bit up counter                                      : 1
 6-bit up counter                                      : 1
 8-bit up counter                                      : 1
# Registers                                            : 101
 1-bit register                                        : 74
 10-bit register                                       : 2
 11-bit register                                       : 4
 16-bit register                                       : 7
 18-bit register                                       : 2
 2-bit register                                        : 1
 23-bit register                                       : 3
 27-bit register                                       : 1
 32-bit register                                       : 2
 8-bit register                                        : 5
# Comparators                                          : 15
 10-bit comparator greatequal                          : 2
 10-bit comparator greater                             : 2
 10-bit comparator less                                : 5
 11-bit comparator greatequal                          : 1
 11-bit comparator greater                             : 2
 11-bit comparator lessequal                           : 2
 12-bit comparator greatequal                          : 1
# Tristates                                            : 16
 1-bit tristate buffer                                 : 16

=========================================================================

=========================================================================
*                       Advanced HDL Synthesis                          *
=========================================================================

Analyzing FSM <FSM_2> for best encoding.
Optimizing FSM <inst_top_camera_monitoring/p0_state/FSM> on signal <p0_state[1:4]> with gray encoding.
-------------------
 State | Encoding
-------------------
 a0    | 0000
 a1    | 0001
 a1a   | 0011
 aw    | 0010
 bw    | 0110
 cw    | 0111
 cw1   | 0101
 dw    | 0100
 ew    | 1100
-------------------
Analyzing FSM <FSM_1> for best encoding.
Optimizing FSM <inst_top_camera_monitoring/p1_state/FSM> on signal <p1_state[1:10]> with one-hot encoding.
---------------------
 State | Encoding
---------------------
 a0    | 0000000001
 ar1   | 0000000100
 ar2   | 0000001000
 a0a   | 0000000010
 ar    | 0000010000
 br    | 0000100000
 cr    | 0001000000
 dr    | 0010000000
 er    | 0100000000
 er1   | 1000000000
---------------------
Analyzing FSM <FSM_0> for best encoding.
Optimizing FSM <inst_top_camera_monitoring/inst_debounce/state/FSM> on signal <state[1:2]> with user encoding.
-------------------
 State | Encoding
-------------------
 00    | 00
 01    | 01
 10    | 10
-------------------
Reading core <ipcore_dir/sink_read_1.ngc>.
Loading core <sink_read_1> for timing and area information for instance <sink_read_i0>.
WARNING:Xst:1293 - FF/Latch <data_sr_0> has a constant value of 1 in block <SCCB>. This FF/Latch will be trimmed during the optimization process.
WARNING:Xst:1293 - FF/Latch <id_r_5> has a constant value of 0 in block <inst_top_camera_monitoring>. This FF/Latch will be trimmed during the optimization process.
WARNING:Xst:1293 - FF/Latch <id_r_7> has a constant value of 0 in block <inst_top_camera_monitoring>. This FF/Latch will be trimmed during the optimization process.
WARNING:Xst:1293 - FF/Latch <id_r_8> has a constant value of 0 in block <inst_top_camera_monitoring>. This FF/Latch will be trimmed during the optimization process.
WARNING:Xst:1293 - FF/Latch <id_r_9> has a constant value of 0 in block <inst_top_camera_monitoring>. This FF/Latch will be trimmed during the optimization process.
WARNING:Xst:1293 - FF/Latch <id_r_10> has a constant value of 0 in block <inst_top_camera_monitoring>. This FF/Latch will be trimmed during the optimization process.
WARNING:Xst:1293 - FF/Latch <id_r_11> has a constant value of 0 in block <inst_top_camera_monitoring>. This FF/Latch will be trimmed during the optimization process.
WARNING:Xst:1293 - FF/Latch <id_r_12> has a constant value of 0 in block <inst_top_camera_monitoring>. This FF/Latch will be trimmed during the optimization process.
WARNING:Xst:1293 - FF/Latch <id_r_13> has a constant value of 0 in block <inst_top_camera_monitoring>. This FF/Latch will be trimmed during the optimization process.
WARNING:Xst:1293 - FF/Latch <id_r_14> has a constant value of 0 in block <inst_top_camera_monitoring>. This FF/Latch will be trimmed during the optimization process.
WARNING:Xst:1293 - FF/Latch <id_r_15> has a constant value of 0 in block <inst_top_camera_monitoring>. This FF/Latch will be trimmed during the optimization process.
