Release 14.7 - xst P.20131013 (lin64)
Copyright (c) 1995-2013 Xilinx, Inc.  All rights reserved.
--> 
Parameter TMPDIR set to xst/projnav.tmp


Total REAL time to Xst completion: 0.00 secs
Total CPU time to Xst completion: 0.04 secs
 
--> 
Parameter xsthdpdir set to xst


Total REAL time to Xst completion: 0.00 secs
Total CPU time to Xst completion: 0.04 secs
 
--> 
Reading design: top.prj

TABLE OF CONTENTS
  1) Synthesis Options Summary
  2) HDL Compilation
  3) Design Hierarchy Analysis
  4) HDL Analysis
  5) HDL Synthesis
     5.1) HDL Synthesis Report
  6) Advanced HDL Synthesis
     6.1) Advanced HDL Synthesis Report
  7) Low Level Synthesis
  8) Partition Report
  9) Final Report
	9.1) Device utilization summary
	9.2) Partition Resource Summary
	9.3) TIMING REPORT


=========================================================================
*                      Synthesis Options Summary                        *
=========================================================================
---- Source Parameters
Input File Name                    : "top.prj"
Input Format                       : mixed
Ignore Synthesis Constraint File   : NO

---- Target Parameters
Output File Name                   : "top"
Output Format                      : NGC
Target Device                      : xc3s1200e-4-fg320

---- Source Options
Top Module Name                    : top
Automatic FSM Extraction           : YES
FSM Encoding Algorithm             : Auto
Safe Implementation                : No
FSM Style                          : LUT
RAM Extraction                     : Yes
RAM Style                          : Auto
ROM Extraction                     : Yes
Mux Style                          : Auto
Decoder Extraction                 : YES
Priority Encoder Extraction        : Yes
Shift Register Extraction          : YES
Logical Shifter Extraction         : YES
XOR Collapsing                     : YES
ROM Style                          : Auto
Mux Extraction                     : Yes
Resource Sharing                   : YES
Asynchronous To Synchronous        : NO
Multiplier Style                   : Auto
Automatic Register Balancing       : No

---- Target Options
Add IO Buffers                     : YES
Global Maximum Fanout              : 500
Add Generic Clock Buffer(BUFG)     : 24
Register Duplication               : YES
Slice Packing                      : YES
Optimize Instantiated Primitives   : NO
Use Clock Enable                   : Yes
Use Synchronous Set                : Yes
Use Synchronous Reset              : Yes
Pack IO Registers into IOBs        : Auto
Equivalent register Removal        : YES

---- General Options
Optimization Goal                  : Speed
Optimization Effort                : 1
Keep Hierarchy                     : No
Netlist Hierarchy                  : As_Optimized
RTL Output                         : Yes
Global Optimization                : AllClockNets
Read Cores                         : YES
Write Timing Constraints           : NO
Cross Clock Analysis               : NO
Hierarchy Separator                : /
Bus Delimiter                      : <>
Case Specifier                     : Maintain
Slice Utilization Ratio            : 100
BRAM Utilization Ratio             : 100
Verilog 2001                       : YES
Auto BRAM Packing                  : NO
Slice Utilization Ratio Delta      : 5

---- Other Options
Cores Search Directories           : {"ipcore_dir"  }

=========================================================================


=========================================================================
*                          HDL Compilation                              *
=========================================================================
Compiling vhdl file "/home/user/_WORKSPACE_/kedziorno/ov7670_vga_Nexys2/hdl/ov7670_rom.vhd" in Library work.
Architecture p_ov7670_rom of Entity p_ov7670_rom is up to date.
Compiling vhdl file "/home/user/_WORKSPACE_/kedziorno/ov7670_vga_Nexys2/rom_test/rom00.vhd" in Library work.
Architecture behavioral_rom00 of Entity rom_rom00 is up to date.
Compiling vhdl file "/home/user/_WORKSPACE_/kedziorno/ov7670_vga_Nexys2/rom_test/rom01.vhd" in Library work.
Architecture behavioral_rom01 of Entity rom_rom01 is up to date.
Compiling vhdl file "/home/user/_WORKSPACE_/kedziorno/ov7670_vga_Nexys2/rom_test/rom02.vhd" in Library work.
Architecture behavioral_rom02 of Entity rom_rom02 is up to date.
Compiling vhdl file "/home/user/_WORKSPACE_/kedziorno/ov7670_vga_Nexys2/rom_test/rom03.vhd" in Library work.
Architecture behavioral_rom03 of Entity rom_rom03 is up to date.
Compiling vhdl file "/home/user/_WORKSPACE_/kedziorno/ov7670_vga_Nexys2/rom_test/rom04.vhd" in Library work.
Architecture behavioral_rom04 of Entity rom_rom04 is up to date.
Compiling vhdl file "/home/user/_WORKSPACE_/kedziorno/ov7670_vga_Nexys2/rom_test/rom05.vhd" in Library work.
Architecture behavioral_rom05 of Entity rom_rom05 is up to date.
Compiling vhdl file "/home/user/_WORKSPACE_/kedziorno/ov7670_vga_Nexys2/rom_test/rom06.vhd" in Library work.
Architecture behavioral_rom06 of Entity rom_rom06 is up to date.
Compiling vhdl file "/home/user/_WORKSPACE_/kedziorno/ov7670_vga_Nexys2/rom_test/rom07.vhd" in Library work.
Architecture behavioral_rom07 of Entity rom_rom07 is up to date.
Compiling vhdl file "/home/user/_WORKSPACE_/kedziorno/ov7670_vga_Nexys2/rom_test/rom08.vhd" in Library work.
Architecture behavioral_rom08 of Entity rom_rom08 is up to date.
Compiling vhdl file "/home/user/_WORKSPACE_/kedziorno/ov7670_vga_Nexys2/rom_test/rom09.vhd" in Library work.
Architecture behavioral_rom09 of Entity rom_rom09 is up to date.
Compiling vhdl file "/home/user/_WORKSPACE_/kedziorno/ov7670_vga_Nexys2/rom_test/rom10.vhd" in Library work.
Architecture behavioral_rom10 of Entity rom_rom10 is up to date.
Compiling vhdl file "/home/user/_WORKSPACE_/kedziorno/ov7670_vga_Nexys2/rom_test/rom11.vhd" in Library work.
Architecture behavioral_rom11 of Entity rom_rom11 is up to date.
Compiling vhdl file "/home/user/_WORKSPACE_/kedziorno/ov7670_vga_Nexys2/rom_test/rom12.vhd" in Library work.
Architecture behavioral_rom12 of Entity rom_rom12 is up to date.
Compiling vhdl file "/home/user/_WORKSPACE_/kedziorno/ov7670_vga_Nexys2/rom_test/rom13.vhd" in Library work.
Architecture behavioral_rom13 of Entity rom_rom13 is up to date.
Compiling vhdl file "/home/user/_WORKSPACE_/kedziorno/ov7670_vga_Nexys2/rom_test/rom14.vhd" in Library work.
Architecture behavioral_rom14 of Entity rom_rom14 is up to date.
Compiling vhdl file "/home/user/_WORKSPACE_/kedziorno/ov7670_vga_Nexys2/rom_test/rom15.vhd" in Library work.
Architecture behavioral_rom15 of Entity rom_rom15 is up to date.
Compiling vhdl file "/home/user/_WORKSPACE_/kedziorno/ov7670_vga_Nexys2/rom_test/rom16.vhd" in Library work.
Architecture behavioral_rom16 of Entity rom_rom16 is up to date.
Compiling vhdl file "/home/user/_WORKSPACE_/kedziorno/ov7670_vga_Nexys2/rom_test/rom17.vhd" in Library work.
Architecture behavioral_rom17 of Entity rom_rom17 is up to date.
Compiling vhdl file "/home/user/_WORKSPACE_/kedziorno/ov7670_vga_Nexys2/rom_test/rom18.vhd" in Library work.
Architecture behavioral_rom18 of Entity rom_rom18 is up to date.
Compiling vhdl file "/home/user/_WORKSPACE_/kedziorno/ov7670_vga_Nexys2/rom_test/rom19.vhd" in Library work.
Architecture behavioral_rom19 of Entity rom_rom19 is up to date.
Compiling vhdl file "/home/user/_WORKSPACE_/kedziorno/ov7670_vga_Nexys2/rom_test/rom20.vhd" in Library work.
Architecture behavioral_rom20 of Entity rom_rom20 is up to date.
Compiling vhdl file "/home/user/_WORKSPACE_/kedziorno/ov7670_vga_Nexys2/rom_test/rom21.vhd" in Library work.
Architecture behavioral_rom21 of Entity rom_rom21 is up to date.
Compiling vhdl file "/home/user/_WORKSPACE_/kedziorno/ov7670_vga_Nexys2/rom_test/rom22.vhd" in Library work.
Architecture behavioral_rom22 of Entity rom_rom22 is up to date.
Compiling vhdl file "/home/user/_WORKSPACE_/kedziorno/ov7670_vga_Nexys2/rom_test/rom23.vhd" in Library work.
Architecture behavioral_rom23 of Entity rom_rom23 is up to date.
Compiling vhdl file "/home/user/_WORKSPACE_/kedziorno/ov7670_vga_Nexys2/rom_test/rom24.vhd" in Library work.
Architecture behavioral_rom24 of Entity rom_rom24 is up to date.
Compiling vhdl file "/home/user/_WORKSPACE_/kedziorno/ov7670_vga_Nexys2/rom_test/rom25.vhd" in Library work.
Architecture behavioral_rom25 of Entity rom_rom25 is up to date.
Compiling vhdl file "/home/user/_WORKSPACE_/kedziorno/ov7670_vga_Nexys2/rom_test/rom26.vhd" in Library work.
Architecture behavioral_rom26 of Entity rom_rom26 is up to date.
Compiling vhdl file "/home/user/_WORKSPACE_/kedziorno/ov7670_vga_Nexys2/rom_test/rom27.vhd" in Library work.
Architecture behavioral_rom27 of Entity rom_rom27 is up to date.
Compiling vhdl file "/home/user/_WORKSPACE_/kedziorno/ov7670_vga_Nexys2/rom_test/rom28.vhd" in Library work.
Architecture behavioral_rom28 of Entity rom_rom28 is up to date.
Compiling vhdl file "/home/user/_WORKSPACE_/kedziorno/ov7670_vga_Nexys2/rom_test/rom29.vhd" in Library work.
Architecture behavioral_rom29 of Entity rom_rom29 is up to date.
Compiling vhdl file "/home/user/_WORKSPACE_/kedziorno/ov7670_vga_Nexys2/rom_test/rom30.vhd" in Library work.
Architecture behavioral_rom30 of Entity rom_rom30 is up to date.
Compiling vhdl file "/home/user/_WORKSPACE_/kedziorno/ov7670_vga_Nexys2/rom_test/rom31.vhd" in Library work.
