--------------------------------------------------------------------------------
Release 14.7 Trace  (lin64)
Copyright (c) 1995-2013 Xilinx, Inc.  All rights reserved.

/home/user/.local/Xilinx/14.7/ISE_DS/ISE/bin/lin64/unwrapped/trce -intstyle ise
-v 3 -s 4 -n 3 -fastpaths -xml top.twx top.ncd -o top.twr top.pcf

Design file:              top.ncd
Physical constraint file: top.pcf
Device,package,speed:     xc3s1200e,fg320,-4 (PRODUCTION 1.27 2013-10-13)
Report level:             verbose report

Environment Variable      Effect 
--------------------      ------ 
NONE                      No environment variables were set
--------------------------------------------------------------------------------

INFO:Timing:3412 - To improve timing, see the Timing Closure User Guide (UG612).
INFO:Timing:2752 - To get complete path coverage, use the unconstrained paths 
   option. All paths that are not constrained will be reported in the 
   unconstrained paths section(s) of the report.
INFO:Timing:3339 - The clock-to-out numbers in this timing report are based on 
   a 50 Ohm transmission line loading model.  For the details of this model, 
   and for more information on accounting for different loading conditions, 
   please see the device datasheet.
INFO:Timing:3390 - This architecture does not support a default System Jitter 
   value, please add SYSTEM_JITTER constraint to the UCF to modify the Clock 
   Uncertainty calculation.
INFO:Timing:3389 - This architecture does not support 'Discrete Jitter' and 
   'Phase Error' calculations, these terms will be zero in the Clock 
   Uncertainty calculation.  Please make appropriate modification to 
   SYSTEM_JITTER to account for the unsupported Discrete Jitter and Phase 
   Error.

================================================================================
Timing constraint: TS_clk = PERIOD TIMEGRP "i_clock" 20 ns HIGH 50%;
For more information, see Period Analysis in the Timing Closure User Guide (UG612).

 0 paths analyzed, 0 endpoints analyzed, 0 failing endpoints
 0 timing errors detected. (0 component switching limit errors)
 Minimum period is   6.000ns.
--------------------------------------------------------------------------------

Component Switching Limit Checks: TS_clk = PERIOD TIMEGRP "i_clock" 20 ns HIGH 50%;
--------------------------------------------------------------------------------
Slack: 14.000ns (period - (min low pulse limit / (low pulse / period)))
  Period: 20.000ns
  Low pulse: 10.000ns
  Low pulse limit: 3.000ns (Tdcmpw_CLKIN_50_100)
  Physical resource: inst_top_camera_monitoring/DCM_SP_cam/CLKIN
  Logical resource: inst_top_camera_monitoring/DCM_SP_cam/CLKIN
  Location pin: DCM_X1Y3.CLKIN
  Clock network: inst_top_camera_monitoring/i_clock_ib2
--------------------------------------------------------------------------------
Slack: 14.000ns (period - (min high pulse limit / (high pulse / period)))
  Period: 20.000ns
  High pulse: 10.000ns
  High pulse limit: 3.000ns (Tdcmpw_CLKIN_50_100)
  Physical resource: inst_top_camera_monitoring/DCM_SP_cam/CLKIN
  Logical resource: inst_top_camera_monitoring/DCM_SP_cam/CLKIN
  Location pin: DCM_X1Y3.CLKIN
  Clock network: inst_top_camera_monitoring/i_clock_ib2
--------------------------------------------------------------------------------
Slack: 15.834ns (period - min period limit)
  Period: 20.000ns
  Min period limit: 4.166ns (240.038MHz) (Tdcmpc)
  Physical resource: inst_top_camera_monitoring/DCM_SP_cam/CLKIN
  Logical resource: inst_top_camera_monitoring/DCM_SP_cam/CLKIN
  Location pin: DCM_X1Y3.CLKIN
  Clock network: inst_top_camera_monitoring/i_clock_ib2
--------------------------------------------------------------------------------

================================================================================
Timing constraint: TS_inst_top_camera_monitoring_clk11 = PERIOD TIMEGRP         
"inst_top_camera_monitoring_clk11" TS_clk HIGH 50%;
For more information, see Period Analysis in the Timing Closure User Guide (UG612).

 46868 paths analyzed, 1568 endpoints analyzed, 0 failing endpoints
 0 timing errors detected. (0 setup errors, 0 hold errors, 0 component switching limit errors)
 Minimum period is  18.076ns.
--------------------------------------------------------------------------------

Paths for end point inst_top_camera_monitoring/dq_oo_14 (R3.O1), 17 paths
--------------------------------------------------------------------------------
Slack (setup path):     0.962ns (requirement - (data path - clock path skew + uncertainty))
  Source:               inst_top_camera_monitoring/crbc_i0/write_buffer_i0/Mram_RAM2.B (RAM)
  Destination:          inst_top_camera_monitoring/dq_oo_14 (FF)
  Requirement:          10.000ns
  Data Path Delay:      9.038ns (Levels of Logic = 1)
  Clock Path Skew:      0.000ns
  Source Clock:         inst_top_camera_monitoring/clk1 falling at 10.000ns
  Destination Clock:    inst_top_camera_monitoring/clk1 rising at 20.000ns
  Clock Uncertainty:    0.000ns

  Maximum Data Path: inst_top_camera_monitoring/crbc_i0/write_buffer_i0/Mram_RAM2.B to inst_top_camera_monitoring/dq_oo_14
    Location             Delay type         Delay(ns)  Physical Resource
                                                       Logical Resource(s)
    -------------------------------------------------  -------------------
    RAMB16_X1Y4.DOB5     Tbcko                 2.812   inst_top_camera_monitoring/crbc_i0/write_buffer_i0/Mram_RAM2
                                                       inst_top_camera_monitoring/crbc_i0/write_buffer_i0/Mram_RAM2.B
    SLICE_X2Y33.F4       net (fanout=1)        2.988   inst_top_camera_monitoring/crbc_i0/source_data<14>
    SLICE_X2Y33.X        Tilo                  0.759   inst_top_camera_monitoring/dq_o<14>
                                                       inst_top_camera_monitoring/crbc_i0/dq_o<14>1
    R3.O1                net (fanout=1)        1.795   inst_top_camera_monitoring/dq_o<14>
    R3.OTCLK1            Tioock                0.684   Dq<14>
                                                       inst_top_camera_monitoring/dq_oo_14
    -------------------------------------------------  ---------------------------
    Total                                      9.038ns (4.255ns logic, 4.783ns route)
                                                       (47.1% logic, 52.9% route)

--------------------------------------------------------------------------------
Slack (setup path):     11.721ns (requirement - (data path - clock path skew + uncertainty))
  Source:               inst_top_camera_monitoring/crbc_i0/data_out_enable_i_14 (FF)
  Destination:          inst_top_camera_monitoring/dq_oo_14 (FF)
  Requirement:          20.000ns
  Data Path Delay:      8.274ns (Levels of Logic = 3)
  Clock Path Skew:      -0.005ns (0.135 - 0.140)
  Source Clock:         inst_top_camera_monitoring/clk1 rising at 0.000ns
  Destination Clock:    inst_top_camera_monitoring/clk1 rising at 20.000ns
  Clock Uncertainty:    0.000ns

  Maximum Data Path: inst_top_camera_monitoring/crbc_i0/data_out_enable_i_14 to inst_top_camera_monitoring/dq_oo_14
    Location             Delay type         Delay(ns)  Physical Resource
                                                       Logical Resource(s)
    -------------------------------------------------  -------------------
    SLICE_X0Y22.YQ       Tcko                  0.652   inst_top_camera_monitoring/crbc_i0/data_out_enable_i<15>
                                                       inst_top_camera_monitoring/crbc_i0/data_out_enable_i_14
    SLICE_X0Y31.F1       net (fanout=3)        1.355   inst_top_camera_monitoring/crbc_i0/data_out_enable_i<14>
    SLICE_X0Y31.X        Tilo                  0.759   inst_top_camera_monitoring/crbc_i0/dq_o_cmp_eq000021
                                                       inst_top_camera_monitoring/crbc_i0/dq_o_cmp_eq000021
    SLICE_X0Y39.G1       net (fanout=1)        0.627   inst_top_camera_monitoring/crbc_i0/dq_o_cmp_eq000021
    SLICE_X0Y39.Y        Tilo                  0.759   inst_top_camera_monitoring/dq_o<9>
                                                       inst_top_camera_monitoring/crbc_i0/dq_o_cmp_eq000036
    SLICE_X2Y33.F1       net (fanout=16)       0.884   inst_top_camera_monitoring/crbc_i0/dq_o_cmp_eq0000
    SLICE_X2Y33.X        Tilo                  0.759   inst_top_camera_monitoring/dq_o<14>
                                                       inst_top_camera_monitoring/crbc_i0/dq_o<14>1
    R3.O1                net (fanout=1)        1.795   inst_top_camera_monitoring/dq_o<14>
    R3.OTCLK1            Tioock                0.684   Dq<14>
                                                       inst_top_camera_monitoring/dq_oo_14
    -------------------------------------------------  ---------------------------
    Total                                      8.274ns (3.613ns logic, 4.661ns route)
                                                       (43.7% logic, 56.3% route)

--------------------------------------------------------------------------------
Slack (setup path):     11.847ns (requirement - (data path - clock path skew + uncertainty))
  Source:               inst_top_camera_monitoring/crbc_i0/data_out_enable_i_15 (FF)
  Destination:          inst_top_camera_monitoring/dq_oo_14 (FF)
  Requirement:          20.000ns
  Data Path Delay:      8.148ns (Levels of Logic = 3)
  Clock Path Skew:      -0.005ns (0.135 - 0.140)
  Source Clock:         inst_top_camera_monitoring/clk1 rising at 0.000ns
  Destination Clock:    inst_top_camera_monitoring/clk1 rising at 20.000ns
  Clock Uncertainty:    0.000ns

  Maximum Data Path: inst_top_camera_monitoring/crbc_i0/data_out_enable_i_15 to inst_top_camera_monitoring/dq_oo_14
    Location             Delay type         Delay(ns)  Physical Resource
                                                       Logical Resource(s)
    -------------------------------------------------  -------------------
    SLICE_X0Y22.XQ       Tcko                  0.592   inst_top_camera_monitoring/crbc_i0/data_out_enable_i<15>
                                                       inst_top_camera_monitoring/crbc_i0/data_out_enable_i_15
    SLICE_X0Y31.F3       net (fanout=3)        1.289   inst_top_camera_monitoring/crbc_i0/data_out_enable_i<15>
    SLICE_X0Y31.X        Tilo                  0.759   inst_top_camera_monitoring/crbc_i0/dq_o_cmp_eq000021
                                                       inst_top_camera_monitoring/crbc_i0/dq_o_cmp_eq000021
    SLICE_X0Y39.G1       net (fanout=1)        0.627   inst_top_camera_monitoring/crbc_i0/dq_o_cmp_eq000021
    SLICE_X0Y39.Y        Tilo                  0.759   inst_top_camera_monitoring/dq_o<9>
                                                       inst_top_camera_monitoring/crbc_i0/dq_o_cmp_eq000036
    SLICE_X2Y33.F1       net (fanout=16)       0.884   inst_top_camera_monitoring/crbc_i0/dq_o_cmp_eq0000
    SLICE_X2Y33.X        Tilo                  0.759   inst_top_camera_monitoring/dq_o<14>
                                                       inst_top_camera_monitoring/crbc_i0/dq_o<14>1
    R3.O1                net (fanout=1)        1.795   inst_top_camera_monitoring/dq_o<14>
    R3.OTCLK1            Tioock                0.684   Dq<14>
                                                       inst_top_camera_monitoring/dq_oo_14
    -------------------------------------------------  ---------------------------
    Total                                      8.148ns (3.553ns logic, 4.595ns route)
                                                       (43.6% logic, 56.4% route)

--------------------------------------------------------------------------------

Paths for end point inst_top_camera_monitoring/dq_oo_15 (T1.O1), 17 paths
--------------------------------------------------------------------------------
Slack (setup path):     1.224ns (requirement - (data path - clock path skew + uncertainty))
  Source:               inst_top_camera_monitoring/crbc_i0/write_buffer_i0/Mram_RAM2.B (RAM)
  Destination:          inst_top_camera_monitoring/dq_oo_15 (FF)
  Requirement:          10.000ns
  Data Path Delay:      8.776ns (Levels of Logic = 1)
  Clock Path Skew:      0.000ns
  Source Clock:         inst_top_camera_monitoring/clk1 falling at 10.000ns
  Destination Clock:    inst_top_camera_monitoring/clk1 rising at 20.000ns
  Clock Uncertainty:    0.000ns

  Maximum Data Path: inst_top_camera_monitoring/crbc_i0/write_buffer_i0/Mram_RAM2.B to inst_top_camera_monitoring/dq_oo_15
    Location             Delay type         Delay(ns)  Physical Resource
                                                       Logical Resource(s)
    -------------------------------------------------  -------------------
    RAMB16_X1Y4.DOB6     Tbcko                 2.812   inst_top_camera_monitoring/crbc_i0/write_buffer_i0/Mram_RAM2
                                                       inst_top_camera_monitoring/crbc_i0/write_buffer_i0/Mram_RAM2.B
    SLICE_X3Y36.G1       net (fanout=1)        2.786   inst_top_camera_monitoring/crbc_i0/source_data<15>
    SLICE_X3Y36.Y        Tilo                  0.704   inst_top_camera_monitoring/dq_o<1>
                                                       inst_top_camera_monitoring/crbc_i0/dq_o<15>1
    T1.O1                net (fanout=1)        1.790   inst_top_camera_monitoring/dq_o<15>
    T1.OTCLK1            Tioock                0.684   Dq<15>
                                                       inst_top_camera_monitoring/dq_oo_15
    -------------------------------------------------  ---------------------------
    Total                                      8.776ns (4.200ns logic, 4.576ns route)
                                                       (47.9% logic, 52.1% route)

--------------------------------------------------------------------------------
Slack (setup path):     12.125ns (requirement - (data path - clock path skew + uncertainty))
  Source:               inst_top_camera_monitoring/crbc_i0/data_out_enable_i_14 (FF)
  Destination:          inst_top_camera_monitoring/dq_oo_15 (FF)
  Requirement:          20.000ns
  Data Path Delay:      7.874ns (Levels of Logic = 3)
  Clock Path Skew:      -0.001ns (0.139 - 0.140)
  Source Clock:         inst_top_camera_monitoring/clk1 rising at 0.000ns
  Destination Clock:    inst_top_camera_monitoring/clk1 rising at 20.000ns
  Clock Uncertainty:    0.000ns

  Maximum Data Path: inst_top_camera_monitoring/crbc_i0/data_out_enable_i_14 to inst_top_camera_monitoring/dq_oo_15
    Location             Delay type         Delay(ns)  Physical Resource
                                                       Logical Resource(s)
    -------------------------------------------------  -------------------
    SLICE_X0Y22.YQ       Tcko                  0.652   inst_top_camera_monitoring/crbc_i0/data_out_enable_i<15>
                                                       inst_top_camera_monitoring/crbc_i0/data_out_enable_i_14
    SLICE_X0Y31.F1       net (fanout=3)        1.355   inst_top_camera_monitoring/crbc_i0/data_out_enable_i<14>
    SLICE_X0Y31.X        Tilo                  0.759   inst_top_camera_monitoring/crbc_i0/dq_o_cmp_eq000021
                                                       inst_top_camera_monitoring/crbc_i0/dq_o_cmp_eq000021
    SLICE_X0Y39.G1       net (fanout=1)        0.627   inst_top_camera_monitoring/crbc_i0/dq_o_cmp_eq000021
    SLICE_X0Y39.Y        Tilo                  0.759   inst_top_camera_monitoring/dq_o<9>
                                                       inst_top_camera_monitoring/crbc_i0/dq_o_cmp_eq000036
    SLICE_X3Y36.G2       net (fanout=16)       0.544   inst_top_camera_monitoring/crbc_i0/dq_o_cmp_eq0000
    SLICE_X3Y36.Y        Tilo                  0.704   inst_top_camera_monitoring/dq_o<1>
                                                       inst_top_camera_monitoring/crbc_i0/dq_o<15>1
    T1.O1                net (fanout=1)        1.790   inst_top_camera_monitoring/dq_o<15>
    T1.OTCLK1            Tioock                0.684   Dq<15>
                                                       inst_top_camera_monitoring/dq_oo_15
    -------------------------------------------------  ---------------------------
    Total                                      7.874ns (3.558ns logic, 4.316ns route)
                                                       (45.2% logic, 54.8% route)

--------------------------------------------------------------------------------
Slack (setup path):     12.251ns (requirement - (data path - clock path skew + uncertainty))
  Source:               inst_top_camera_monitoring/crbc_i0/data_out_enable_i_15 (FF)
  Destination:          inst_top_camera_monitoring/dq_oo_15 (FF)
  Requirement:          20.000ns
  Data Path Delay:      7.748ns (Levels of Logic = 3)
  Clock Path Skew:      -0.001ns (0.139 - 0.140)
  Source Clock:         inst_top_camera_monitoring/clk1 rising at 0.000ns
  Destination Clock:    inst_top_camera_monitoring/clk1 rising at 20.000ns
  Clock Uncertainty:    0.000ns

  Maximum Data Path: inst_top_camera_monitoring/crbc_i0/data_out_enable_i_15 to inst_top_camera_monitoring/dq_oo_15
    Location             Delay type         Delay(ns)  Physical Resource
                                                       Logical Resource(s)
    -------------------------------------------------  -------------------
    SLICE_X0Y22.XQ       Tcko                  0.592   inst_top_camera_monitoring/crbc_i0/data_out_enable_i<15>
                                                       inst_top_camera_monitoring/crbc_i0/data_out_enable_i_15
    SLICE_X0Y31.F3       net (fanout=3)        1.289   inst_top_camera_monitoring/crbc_i0/data_out_enable_i<15>
    SLICE_X0Y31.X        Tilo                  0.759   inst_top_camera_monitoring/crbc_i0/dq_o_cmp_eq000021
                                                       inst_top_camera_monitoring/crbc_i0/dq_o_cmp_eq000021
    SLICE_X0Y39.G1       net (fanout=1)        0.627   inst_top_camera_monitoring/crbc_i0/dq_o_cmp_eq000021
    SLICE_X0Y39.Y        Tilo                  0.759   inst_top_camera_monitoring/dq_o<9>
                                                       inst_top_camera_monitoring/crbc_i0/dq_o_cmp_eq000036
    SLICE_X3Y36.G2       net (fanout=16)       0.544   inst_top_camera_monitoring/crbc_i0/dq_o_cmp_eq0000
    SLICE_X3Y36.Y        Tilo                  0.704   inst_top_camera_monitoring/dq_o<1>
                                                       inst_top_camera_monitoring/crbc_i0/dq_o<15>1
    T1.O1                net (fanout=1)        1.790   inst_top_camera_monitoring/dq_o<15>
    T1.OTCLK1            Tioock                0.684   Dq<15>
                                                       inst_top_camera_monitoring/dq_oo_15
    -------------------------------------------------  ---------------------------
    Total                                      7.748ns (3.498ns logic, 4.250ns route)
                                                       (45.1% logic, 54.9% route)

--------------------------------------------------------------------------------

Paths for end point inst_top_camera_monitoring/dq_oo_7 (R2.O1), 17 paths
--------------------------------------------------------------------------------
Slack (setup path):     1.252ns (requirement - (data path - clock path skew + uncertainty))
  Source:               inst_top_camera_monitoring/crbc_i0/write_buffer_i0/Mram_RAM1.B (RAM)
  Destination:          inst_top_camera_monitoring/dq_oo_7 (FF)
  Requirement:          10.000ns
  Data Path Delay:      8.748ns (Levels of Logic = 1)
  Clock Path Skew:      0.000ns
  Source Clock:         inst_top_camera_monitoring/clk1 falling at 10.000ns
  Destination Clock:    inst_top_camera_monitoring/clk1 rising at 20.000ns
  Clock Uncertainty:    0.000ns

  Maximum Data Path: inst_top_camera_monitoring/crbc_i0/write_buffer_i0/Mram_RAM1.B to inst_top_camera_monitoring/dq_oo_7
    Location             Delay type         Delay(ns)  Physical Resource
                                                       Logical Resource(s)
    -------------------------------------------------  -------------------
    RAMB16_X1Y5.DOB7     Tbcko                 2.812   inst_top_camera_monitoring/crbc_i0/write_buffer_i0/Mram_RAM1
                                                       inst_top_camera_monitoring/crbc_i0/write_buffer_i0/Mram_RAM1.B
    SLICE_X3Y32.F2       net (fanout=1)        3.026   inst_top_camera_monitoring/crbc_i0/source_data<7>
    SLICE_X3Y32.X        Tilo                  0.704   inst_top_camera_monitoring/dq_o<7>
                                                       inst_top_camera_monitoring/crbc_i0/dq_o<7>1
    R2.O1                net (fanout=1)        1.522   inst_top_camera_monitoring/dq_o<7>
    R2.OTCLK1            Tioock                0.684   Dq<7>
                                                       inst_top_camera_monitoring/dq_oo_7
    -------------------------------------------------  ---------------------------
    Total                                      8.748ns (4.200ns logic, 4.548ns route)
                                                       (48.0% logic, 52.0% route)

--------------------------------------------------------------------------------
Slack (setup path):     11.487ns (requirement - (data path - clock path skew + uncertainty))
  Source:               inst_top_camera_monitoring/crbc_i0/data_out_enable_i_14 (FF)
  Destination:          inst_top_camera_monitoring/dq_oo_7 (FF)
  Requirement:          20.000ns
  Data Path Delay:      8.508ns (Levels of Logic = 3)
  Clock Path Skew:      -0.005ns (0.135 - 0.140)
  Source Clock:         inst_top_camera_monitoring/clk1 rising at 0.000ns
  Destination Clock:    inst_top_camera_monitoring/clk1 rising at 20.000ns
  Clock Uncertainty:    0.000ns

  Maximum Data Path: inst_top_camera_monitoring/crbc_i0/data_out_enable_i_14 to inst_top_camera_monitoring/dq_oo_7
    Location             Delay type         Delay(ns)  Physical Resource
                                                       Logical Resource(s)
    -------------------------------------------------  -------------------
    SLICE_X0Y22.YQ       Tcko                  0.652   inst_top_camera_monitoring/crbc_i0/data_out_enable_i<15>
                                                       inst_top_camera_monitoring/crbc_i0/data_out_enable_i_14
    SLICE_X0Y31.F1       net (fanout=3)        1.355   inst_top_camera_monitoring/crbc_i0/data_out_enable_i<14>
    SLICE_X0Y31.X        Tilo                  0.759   inst_top_camera_monitoring/crbc_i0/dq_o_cmp_eq000021
                                                       inst_top_camera_monitoring/crbc_i0/dq_o_cmp_eq000021
    SLICE_X0Y39.G1       net (fanout=1)        0.627   inst_top_camera_monitoring/crbc_i0/dq_o_cmp_eq000021
    SLICE_X0Y39.Y        Tilo                  0.759   inst_top_camera_monitoring/dq_o<9>
                                                       inst_top_camera_monitoring/crbc_i0/dq_o_cmp_eq000036
    SLICE_X3Y32.F3       net (fanout=16)       1.446   inst_top_camera_monitoring/crbc_i0/dq_o_cmp_eq0000
    SLICE_X3Y32.X        Tilo                  0.704   inst_top_camera_monitoring/dq_o<7>
                                                       inst_top_camera_monitoring/crbc_i0/dq_o<7>1
    R2.O1                net (fanout=1)        1.522   inst_top_camera_monitoring/dq_o<7>
    R2.OTCLK1            Tioock                0.684   Dq<7>
                                                       inst_top_camera_monitoring/dq_oo_7
    -------------------------------------------------  ---------------------------
    Total                                      8.508ns (3.558ns logic, 4.950ns route)
                                                       (41.8% logic, 58.2% route)

--------------------------------------------------------------------------------
Slack (setup path):     11.613ns (requirement - (data path - clock path skew + uncertainty))
  Source:               inst_top_camera_monitoring/crbc_i0/data_out_enable_i_15 (FF)
  Destination:          inst_top_camera_monitoring/dq_oo_7 (FF)
  Requirement:          20.000ns
  Data Path Delay:      8.382ns (Levels of Logic = 3)
  Clock Path Skew:      -0.005ns (0.135 - 0.140)
  Source Clock:         inst_top_camera_monitoring/clk1 rising at 0.000ns
  Destination Clock:    inst_top_camera_monitoring/clk1 rising at 20.000ns
  Clock Uncertainty:    0.000ns

  Maximum Data Path: inst_top_camera_monitoring/crbc_i0/data_out_enable_i_15 to inst_top_camera_monitoring/dq_oo_7
    Location             Delay type         Delay(ns)  Physical Resource
                                                       Logical Resource(s)
    -------------------------------------------------  -------------------
    SLICE_X0Y22.XQ       Tcko                  0.592   inst_top_camera_monitoring/crbc_i0/data_out_enable_i<15>
                                                       inst_top_camera_monitoring/crbc_i0/data_out_enable_i_15
    SLICE_X0Y31.F3       net (fanout=3)        1.289   inst_top_camera_monitoring/crbc_i0/data_out_enable_i<15>
    SLICE_X0Y31.X        Tilo                  0.759   inst_top_camera_monitoring/crbc_i0/dq_o_cmp_eq000021
                                                       inst_top_camera_monitoring/crbc_i0/dq_o_cmp_eq000021
    SLICE_X0Y39.G1       net (fanout=1)        0.627   inst_top_camera_monitoring/crbc_i0/dq_o_cmp_eq000021
    SLICE_X0Y39.Y        Tilo                  0.759   inst_top_camera_monitoring/dq_o<9>
                                                       inst_top_camera_monitoring/crbc_i0/dq_o_cmp_eq000036
    SLICE_X3Y32.F3       net (fanout=16)       1.446   inst_top_camera_monitoring/crbc_i0/dq_o_cmp_eq0000
    SLICE_X3Y32.X        Tilo                  0.704   inst_top_camera_monitoring/dq_o<7>
                                                       inst_top_camera_monitoring/crbc_i0/dq_o<7>1
    R2.O1                net (fanout=1)        1.522   inst_top_camera_monitoring/dq_o<7>
    R2.OTCLK1            Tioock                0.684   Dq<7>
                                                       inst_top_camera_monitoring/dq_oo_7
    -------------------------------------------------  ---------------------------
    Total                                      8.382ns (3.498ns logic, 4.884ns route)
                                                       (41.7% logic, 58.3% route)

--------------------------------------------------------------------------------

Hold Paths: TS_inst_top_camera_monitoring_clk11 = PERIOD TIMEGRP
        "inst_top_camera_monitoring_clk11" TS_clk HIGH 50%;
--------------------------------------------------------------------------------

Paths for end point inst_top_camera_monitoring/crbc_i0/read_buffer_i0/U0/xst_blk_mem_generator/gnativebmg.native_blk_mem_gen/valid.cstr/ramloop[0].ram.r/s3_noinit.ram/dpram.dp18x18.ram.A (RAMB16_X0Y2.DIA5), 1 path
--------------------------------------------------------------------------------
Slack (hold path):      0.850ns (requirement - (clock path skew + uncertainty - data path))
  Source:               inst_top_camera_monitoring/dq_i_5 (FF)
  Destination:          inst_top_camera_monitoring/crbc_i0/read_buffer_i0/U0/xst_blk_mem_generator/gnativebmg.native_blk_mem_gen/valid.cstr/ramloop[0].ram.r/s3_noinit.ram/dpram.dp18x18.ram.A (RAM)
  Requirement:          0.000ns
  Data Path Delay:      0.843ns (Levels of Logic = 0)
  Clock Path Skew:      -0.007ns (0.135 - 0.142)
  Source Clock:         inst_top_camera_monitoring/clk1 rising at 20.000ns
  Destination Clock:    inst_top_camera_monitoring/clk1 rising at 20.000ns
  Clock Uncertainty:    0.000ns

  Minimum Data Path: inst_top_camera_monitoring/dq_i_5 to inst_top_camera_monitoring/crbc_i0/read_buffer_i0/U0/xst_blk_mem_generator/gnativebmg.native_blk_mem_gen/valid.cstr/ramloop[0].ram.r/s3_noinit.ram/dpram.dp18x18.ram.A
    Location             Delay type         Delay(ns)  Physical Resource
                                                       Logical Resource(s)
    -------------------------------------------------  -------------------
    P1.IQ1               Tiockiq               0.406   Dq<5>
                                                       inst_top_camera_monitoring/dq_i_5
    RAMB16_X0Y2.DIA5     net (fanout=1)        0.563   inst_top_camera_monitoring/dq_i<5>
    RAMB16_X0Y2.CLKA     Tbckd       (-Th)     0.126   inst_top_camera_monitoring/crbc_i0/read_buffer_i0/U0/xst_blk_mem_generator/gnativebmg.native_blk_mem_gen/valid.cstr/ramloop[0].ram.r/s3_noinit.ram/dpram.dp18x18.ram
                                                       inst_top_camera_monitoring/crbc_i0/read_buffer_i0/U0/xst_blk_mem_generator/gnativebmg.native_blk_mem_gen/valid.cstr/ramloop[0].ram.r/s3_noinit.ram/dpram.dp18x18.ram.A
    -------------------------------------------------  ---------------------------
    Total                                      0.843ns (0.280ns logic, 0.563ns route)
                                                       (33.2% logic, 66.8% route)

--------------------------------------------------------------------------------

Paths for end point inst_top_camera_monitoring/Addr_19 (D2.O1), 1 path
--------------------------------------------------------------------------------
Slack (hold path):      1.012ns (requirement - (clock path skew + uncertainty - data path))
  Source:               inst_top_camera_monitoring/crbc_i0/a_19 (FF)
  Destination:          inst_top_camera_monitoring/Addr_19 (FF)
  Requirement:          0.000ns
  Data Path Delay:      1.015ns (Levels of Logic = 0)
  Clock Path Skew:      0.003ns (0.137 - 0.134)
  Source Clock:         inst_top_camera_monitoring/clk1 rising at 20.000ns
  Destination Clock:    inst_top_camera_monitoring/clk1 rising at 20.000ns
  Clock Uncertainty:    0.000ns

  Minimum Data Path: inst_top_camera_monitoring/crbc_i0/a_19 to inst_top_camera_monitoring/Addr_19
    Location             Delay type         Delay(ns)  Physical Resource
                                                       Logical Resource(s)
    -------------------------------------------------  -------------------
    SLICE_X1Y115.XQ      Tcko                  0.473   inst_top_camera_monitoring/crbc_i0/a<19>
                                                       inst_top_camera_monitoring/crbc_i0/a_19
    D2.O1                net (fanout=1)        0.259   inst_top_camera_monitoring/crbc_i0/a<19>
    D2.OTCLK1            Tiocko      (-Th)    -0.283   Addr<19>
                                                       inst_top_camera_monitoring/Addr_19
    -------------------------------------------------  ---------------------------
    Total                                      1.015ns (0.756ns logic, 0.259ns route)
                                                       (74.5% logic, 25.5% route)

--------------------------------------------------------------------------------

Paths for end point inst_top_camera_monitoring/p1_state_FSM_FFd2 (SLICE_X27Y50.BY), 1 path
--------------------------------------------------------------------------------
Slack (hold path):      1.024ns (requirement - (clock path skew + uncertainty - data path))
  Source:               inst_top_camera_monitoring/p1_state_FSM_FFd3 (FF)
  Destination:          inst_top_camera_monitoring/p1_state_FSM_FFd2 (FF)
  Requirement:          0.000ns
  Data Path Delay:      1.028ns (Levels of Logic = 0)
  Clock Path Skew:      0.004ns (0.084 - 0.080)
  Source Clock:         inst_top_camera_monitoring/clk1 rising at 20.000ns
  Destination Clock:    inst_top_camera_monitoring/clk1 rising at 20.000ns
  Clock Uncertainty:    0.000ns

  Minimum Data Path: inst_top_camera_monitoring/p1_state_FSM_FFd3 to inst_top_camera_monitoring/p1_state_FSM_FFd2
    Location             Delay type         Delay(ns)  Physical Resource
                                                       Logical Resource(s)
    -------------------------------------------------  -------------------
    SLICE_X29Y50.YQ      Tcko                  0.470   inst_top_camera_monitoring/p1_state_FSM_FFd3
                                                       inst_top_camera_monitoring/p1_state_FSM_FFd3
    SLICE_X27Y50.BY      net (fanout=6)        0.423   inst_top_camera_monitoring/p1_state_FSM_FFd3
    SLICE_X27Y50.CLK     Tckdi       (-Th)    -0.135   inst_top_camera_monitoring/p1_state_FSM_FFd2
                                                       inst_top_camera_monitoring/p1_state_FSM_FFd2
    -------------------------------------------------  ---------------------------
    Total                                      1.028ns (0.605ns logic, 0.423ns route)
                                                       (58.9% logic, 41.1% route)

--------------------------------------------------------------------------------

Component Switching Limit Checks: TS_inst_top_camera_monitoring_clk11 = PERIOD TIMEGRP
        "inst_top_camera_monitoring_clk11" TS_clk HIGH 50%;
--------------------------------------------------------------------------------
Slack: 16.808ns (period - (min low pulse limit / (low pulse / period)))
  Period: 20.000ns
  Low pulse: 10.000ns
  Low pulse limit: 1.596ns (Trpw)
  Physical resource: Dq<0>/SR
  Logical resource: inst_top_camera_monitoring/dq_i_0/SR
  Location pin: L1.SR
  Clock network: pb_IBUF
--------------------------------------------------------------------------------
Slack: 16.808ns (period - (min high pulse limit / (high pulse / period)))
  Period: 20.000ns
  High pulse: 10.000ns
  High pulse limit: 1.596ns (Trpw)
  Physical resource: Dq<0>/SR
  Logical resource: inst_top_camera_monitoring/dq_i_0/SR
  Location pin: L1.SR
  Clock network: pb_IBUF
--------------------------------------------------------------------------------
Slack: 16.808ns (period - (min low pulse limit / (low pulse / period)))
  Period: 20.000ns
  Low pulse: 10.000ns
  Low pulse limit: 1.596ns (Trpw)
  Physical resource: Dq<0>/SR
  Logical resource: inst_top_camera_monitoring/dq_oo_0/SR
  Location pin: L1.SR
  Clock network: pb_IBUF
--------------------------------------------------------------------------------


Derived Constraint Report
Derived Constraints for TS_clk
+-------------------------------+-------------+-------------+-------------+-------------+-------------+-------------+-------------+
|                               |   Period    |       Actual Period       |      Timing Errors        |      Paths Analyzed       |
|           Constraint          | Requirement |-------------+-------------|-------------+-------------|-------------+-------------|
|                               |             |   Direct    | Derivative  |   Direct    | Derivative  |   Direct    | Derivative  |
+-------------------------------+-------------+-------------+-------------+-------------+-------------+-------------+-------------+
|TS_clk                         |     20.000ns|      6.000ns|     18.076ns|            0|            0|            0|        46868|
| TS_inst_top_camera_monitoring_|     20.000ns|     18.076ns|          N/A|            0|            0|        46868|            0|
| clk11                         |             |             |             |             |             |             |             |
+-------------------------------+-------------+-------------+-------------+-------------+-------------+-------------+-------------+

All constraints were met.


Data Sheet report:
-----------------
All values displayed in nanoseconds (ns)

Clock to Setup on destination clock i_clock
---------------+---------+---------+---------+---------+
               | Src:Rise| Src:Fall| Src:Rise| Src:Fall|
Source Clock   |Dest:Rise|Dest:Rise|Dest:Fall|Dest:Fall|
---------------+---------+---------+---------+---------+
i_clock        |   12.382|    9.038|    4.650|         |
---------------+---------+---------+---------+---------+


Timing summary:
---------------

Timing errors: 0  Score: 0  (Setup/Max: 0, Hold: 0)

Constraints cover 46868 paths, 0 nets, and 3105 connections

Design statistics:
   Minimum period:  18.076ns{1}   (Maximum frequency:  55.322MHz)


------------------------------------Footnotes-----------------------------------
1)  The minimum period statistic assumes all single cycle delays.

Analysis completed Mon Apr 27 08:47:13 2026 
--------------------------------------------------------------------------------

Trace Settings:
-------------------------
Trace Settings 

Peak Memory Usage: 372 MB



