--------------------------------------------------------------------------------
Release 14.7 Trace  (lin64)
Copyright (c) 1995-2013 Xilinx, Inc.  All rights reserved.

/home/user/.local/Xilinx/14.7/ISE_DS/ISE/bin/lin64/unwrapped/trce -filter
/home/user/_WORKSPACE_/kedziorno/ov7670_vga_Nexys2/iseconfig/filter.filter
-intstyle ise -v 3 -s 4 -n 3 -fastpaths -xml VGA_timing_synch.twx
VGA_timing_synch.ncd -o VGA_timing_synch.twr VGA_timing_synch.pcf -ucf
vga_timing.ucf

Design file:              VGA_timing_synch.ncd
Physical constraint file: VGA_timing_synch.pcf
Device,package,speed:     xc3s1200e,fg320,-4 (PRODUCTION 1.27 2013-10-13)
Report level:             verbose report

Environment Variable      Effect 
--------------------      ------ 
NONE                      No environment variables were set
--------------------------------------------------------------------------------

INFO:Timing:3412 - To improve timing, see the Timing Closure User Guide (UG612).
INFO:Timing:2752 - To get complete path coverage, use the unconstrained paths 
   option. All paths that are not constrained will be reported in the 
   unconstrained paths section(s) of the report.
INFO:Timing:3339 - The clock-to-out numbers in this timing report are based on 
   a 50 Ohm transmission line loading model.  For the details of this model, 
   and for more information on accounting for different loading conditions, 
   please see the device datasheet.
INFO:Timing:3390 - This architecture does not support a default System Jitter 
   value, please add SYSTEM_JITTER constraint to the UCF to modify the Clock 
   Uncertainty calculation.
INFO:Timing:3389 - This architecture does not support 'Discrete Jitter' and 
   'Phase Error' calculations, these terms will be zero in the Clock 
   Uncertainty calculation.  Please make appropriate modification to 
   SYSTEM_JITTER to account for the unsupported Discrete Jitter and Phase 
   Error.

================================================================================
Timing constraint: TS_clk = PERIOD TIMEGRP "clk" 10 ns HIGH 50% INPUT_JITTER 
0.1 ns;
For more information, see Period Analysis in the Timing Closure User Guide (UG612).

 28 paths analyzed, 28 endpoints analyzed, 0 failing endpoints
 0 timing errors detected. (0 setup errors, 0 hold errors, 0 component switching limit errors)
 Minimum period is   5.060ns.
--------------------------------------------------------------------------------

Paths for end point Mshreg_jc_1_656_12/SRLC16E (SLICE_X46Y11.BY), 1 path
--------------------------------------------------------------------------------
Slack (setup path):     4.940ns (requirement - (data path - clock path skew + uncertainty))
  Source:               Mshreg_jc_1_656_11/SRLC16E (FF)
  Destination:          Mshreg_jc_1_656_12/SRLC16E (FF)
  Requirement:          10.000ns
  Data Path Delay:      5.003ns (Levels of Logic = 1)
  Clock Path Skew:      -0.007ns (0.050 - 0.057)
  Source Clock:         clk25_BUFGP rising at 0.000ns
  Destination Clock:    clk25_BUFGP rising at 10.000ns
  Clock Uncertainty:    0.050ns

  Clock Uncertainty:          0.050ns  ((TSJ^2 + TIJ^2)^1/2 + DJ) / 2 + PE
    Total System Jitter (TSJ):  0.000ns
    Total Input Jitter (TIJ):   0.100ns
    Discrete Jitter (DJ):       0.000ns
    Phase Error (PE):           0.000ns

  Maximum Data Path: Mshreg_jc_1_656_11/SRLC16E to Mshreg_jc_1_656_12/SRLC16E
    Location             Delay type         Delay(ns)  Physical Resource
                                                       Logical Resource(s)
    -------------------------------------------------  -------------------
    SLICE_X46Y16.XB      Tregxb                3.583   Mshreg_jc_1_656_11
                                                       Mshreg_jc_1_656_11/SRLC16E.CE
                                                       Mshreg_jc_1_656_11/SRLC16E
    SLICE_X46Y11.BY      net (fanout=1)        0.978   Mshreg_jc_1_656_11
    SLICE_X46Y11.CLK     Tds                   0.442   Mshreg_jc_1_656_13
                                                       Mshreg_jc_1_656_12/SRLC16E
    -------------------------------------------------  ---------------------------
    Total                                      5.003ns (4.025ns logic, 0.978ns route)
                                                       (80.5% logic, 19.5% route)

--------------------------------------------------------------------------------

Paths for end point Mshreg_jc_1_656_40/SRL16E (SLICE_X60Y10.BY), 1 path
--------------------------------------------------------------------------------
Slack (setup path):     5.170ns (requirement - (data path - clock path skew + uncertainty))
  Source:               Mshreg_jc_1_656_39/SRLC16E (FF)
  Destination:          Mshreg_jc_1_656_40/SRL16E (FF)
  Requirement:          10.000ns
  Data Path Delay:      4.763ns (Levels of Logic = 1)
  Clock Path Skew:      -0.017ns (0.015 - 0.032)
  Source Clock:         clk25_BUFGP rising at 0.000ns
  Destination Clock:    clk25_BUFGP rising at 10.000ns
  Clock Uncertainty:    0.050ns

  Clock Uncertainty:          0.050ns  ((TSJ^2 + TIJ^2)^1/2 + DJ) / 2 + PE
    Total System Jitter (TSJ):  0.000ns
    Total Input Jitter (TIJ):   0.100ns
    Discrete Jitter (DJ):       0.000ns
    Phase Error (PE):           0.000ns

  Maximum Data Path: Mshreg_jc_1_656_39/SRLC16E to Mshreg_jc_1_656_40/SRL16E
    Location             Delay type         Delay(ns)  Physical Resource
                                                       Logical Resource(s)
    -------------------------------------------------  -------------------
    SLICE_X56Y8.XB       Tregxb                3.583   Mshreg_jc_1_656_39
                                                       Mshreg_jc_1_656_39/SRLC16E.CE
                                                       Mshreg_jc_1_656_39/SRLC16E
    SLICE_X60Y10.BY      net (fanout=1)        0.738   Mshreg_jc_1_656_39
    SLICE_X60Y10.CLK     Tds                   0.442   jc_1<656>
                                                       Mshreg_jc_1_656_40/SRL16E
    -------------------------------------------------  ---------------------------
    Total                                      4.763ns (4.025ns logic, 0.738ns route)
                                                       (84.5% logic, 15.5% route)

--------------------------------------------------------------------------------

Paths for end point Mshreg_jc_1_656_28/SRLC16E (SLICE_X52Y9.BY), 1 path
--------------------------------------------------------------------------------
Slack (setup path):     5.183ns (requirement - (data path - clock path skew + uncertainty))
  Source:               Mshreg_jc_1_656_27/SRLC16E (FF)
  Destination:          Mshreg_jc_1_656_28/SRLC16E (FF)
  Requirement:          10.000ns
  Data Path Delay:      4.763ns (Levels of Logic = 1)
  Clock Path Skew:      -0.004ns (0.044 - 0.048)
  Source Clock:         clk25_BUFGP rising at 0.000ns
  Destination Clock:    clk25_BUFGP rising at 10.000ns
  Clock Uncertainty:    0.050ns

  Clock Uncertainty:          0.050ns  ((TSJ^2 + TIJ^2)^1/2 + DJ) / 2 + PE
    Total System Jitter (TSJ):  0.000ns
    Total Input Jitter (TIJ):   0.100ns
    Discrete Jitter (DJ):       0.000ns
    Phase Error (PE):           0.000ns

  Maximum Data Path: Mshreg_jc_1_656_27/SRLC16E to Mshreg_jc_1_656_28/SRLC16E
    Location             Delay type         Delay(ns)  Physical Resource
                                                       Logical Resource(s)
    -------------------------------------------------  -------------------
    SLICE_X50Y8.XB       Tregxb                3.583   Mshreg_jc_1_656_27
                                                       Mshreg_jc_1_656_27/SRLC16E.CE
                                                       Mshreg_jc_1_656_27/SRLC16E
    SLICE_X52Y9.BY       net (fanout=1)        0.738   Mshreg_jc_1_656_27
    SLICE_X52Y9.CLK      Tds                   0.442   Mshreg_jc_1_656_29
                                                       Mshreg_jc_1_656_28/SRLC16E
    -------------------------------------------------  ---------------------------
    Total                                      4.763ns (4.025ns logic, 0.738ns route)
                                                       (84.5% logic, 15.5% route)

--------------------------------------------------------------------------------

Hold Paths: TS_clk = PERIOD TIMEGRP "clk" 10 ns HIGH 50% INPUT_JITTER 0.1 ns;
--------------------------------------------------------------------------------

Paths for end point Mshreg_jc_1_7991_0/SRLC16E (SLICE_X56Y17.BY), 1 path
--------------------------------------------------------------------------------
Slack (hold path):      1.130ns (requirement - (clock path skew + uncertainty - data path))
  Source:               jc_1_752 (FF)
  Destination:          Mshreg_jc_1_7991_0/SRLC16E (FF)
  Requirement:          0.000ns
  Data Path Delay:      1.145ns (Levels of Logic = 1)
  Clock Path Skew:      0.015ns (0.036 - 0.021)
  Source Clock:         clk25_BUFGP rising at 10.000ns
  Destination Clock:    clk25_BUFGP rising at 10.000ns
  Clock Uncertainty:    0.000ns

  Minimum Data Path: jc_1_752 to Mshreg_jc_1_7991_0/SRLC16E
    Location             Delay type         Delay(ns)  Physical Resource
                                                       Logical Resource(s)
    -------------------------------------------------  -------------------
    SLICE_X60Y16.XQ      Tcko                  0.474   jc_1<752>
                                                       jc_1_752
    SLICE_X56Y17.BY      net (fanout=2)        0.798   jc_1<752>
    SLICE_X56Y17.CLK     Tdh         (-Th)     0.127   Mshreg_jc_1_7991_1
                                                       Mshreg_jc_1_7991_0/SRLC16E
    -------------------------------------------------  ---------------------------
    Total                                      1.145ns (0.347ns logic, 0.798ns route)
                                                       (30.3% logic, 69.7% route)

--------------------------------------------------------------------------------

Paths for end point Mshreg_jc_1_752_0/SRLC16E (SLICE_X60Y15.BY), 1 path
--------------------------------------------------------------------------------
Slack (hold path):      1.192ns (requirement - (clock path skew + uncertainty - data path))
  Source:               jc_1_656 (FF)
  Destination:          Mshreg_jc_1_752_0/SRLC16E (FF)
  Requirement:          0.000ns
  Data Path Delay:      1.195ns (Levels of Logic = 1)
  Clock Path Skew:      0.003ns (0.018 - 0.015)
  Source Clock:         clk25_BUFGP rising at 10.000ns
  Destination Clock:    clk25_BUFGP rising at 10.000ns
  Clock Uncertainty:    0.000ns

  Minimum Data Path: jc_1_656 to Mshreg_jc_1_752_0/SRLC16E
    Location             Delay type         Delay(ns)  Physical Resource
                                                       Logical Resource(s)
    -------------------------------------------------  -------------------
    SLICE_X60Y10.YQ      Tcko                  0.522   jc_1<656>
                                                       jc_1_656
    SLICE_X60Y15.BY      net (fanout=2)        0.800   jc_1<656>
    SLICE_X60Y15.CLK     Tdh         (-Th)     0.127   Mshreg_jc_1_752_1
                                                       Mshreg_jc_1_752_0/SRLC16E
    -------------------------------------------------  ---------------------------
    Total                                      1.195ns (0.395ns logic, 0.800ns route)
                                                       (33.1% logic, 66.9% route)

--------------------------------------------------------------------------------

Paths for end point Hsync (SLICE_X60Y12.CE), 1 path
--------------------------------------------------------------------------------
Slack (hold path):      1.304ns (requirement - (clock path skew + uncertainty - data path))
  Source:               jc_1_656 (FF)
  Destination:          Hsync (FF)
  Requirement:          0.000ns
  Data Path Delay:      1.305ns (Levels of Logic = 0)
  Clock Path Skew:      0.001ns (0.016 - 0.015)
  Source Clock:         clk25_BUFGP rising at 10.000ns
  Destination Clock:    clk25_BUFGP rising at 10.000ns
  Clock Uncertainty:    0.000ns

  Minimum Data Path: jc_1_656 to Hsync
    Location             Delay type         Delay(ns)  Physical Resource
                                                       Logical Resource(s)
    -------------------------------------------------  -------------------
    SLICE_X60Y10.YQ      Tcko                  0.522   jc_1<656>
                                                       jc_1_656
    SLICE_X60Y12.CE      net (fanout=2)        0.714   jc_1<656>
    SLICE_X60Y12.CLK     Tckce       (-Th)    -0.069   Hsync_OBUF
                                                       Hsync
    -------------------------------------------------  ---------------------------
    Total                                      1.305ns (0.591ns logic, 0.714ns route)
                                                       (45.3% logic, 54.7% route)

--------------------------------------------------------------------------------

Component Switching Limit Checks: TS_clk = PERIOD TIMEGRP "clk" 10 ns HIGH 50% INPUT_JITTER 0.1 ns;
--------------------------------------------------------------------------------
Slack: 6.808ns (period - (min low pulse limit / (low pulse / period)))
  Period: 10.000ns
  Low pulse: 5.000ns
  Low pulse limit: 1.596ns (Trpw)
  Physical resource: Vsync/SR
  Logical resource: Vsync/SR
  Location pin: P13.SR
  Clock network: jc_2<492>
--------------------------------------------------------------------------------
Slack: 6.808ns (period - (min high pulse limit / (high pulse / period)))
  Period: 10.000ns
  High pulse: 5.000ns
  High pulse limit: 1.596ns (Trpw)
  Physical resource: Vsync/SR
  Logical resource: Vsync/SR
  Location pin: P13.SR
  Clock network: jc_2<492>
--------------------------------------------------------------------------------
Slack: 7.986ns (period - (min low pulse limit / (low pulse / period)))
  Period: 10.000ns
  Low pulse: 5.000ns
  Low pulse limit: 1.007ns (Twpl)
  Physical resource: Mshreg_jc_1_656_3/CLK
  Logical resource: Mshreg_jc_1_656_3/SRLC16E/WS
  Location pin: SLICE_X46Y20.CLK
  Clock network: clk25_BUFGP
--------------------------------------------------------------------------------


All constraints were met.


Data Sheet report:
-----------------
All values displayed in nanoseconds (ns)

Clock to Setup on destination clock clk25
---------------+---------+---------+---------+---------+
               | Src:Rise| Src:Fall| Src:Rise| Src:Fall|
Source Clock   |Dest:Rise|Dest:Rise|Dest:Fall|Dest:Fall|
---------------+---------+---------+---------+---------+
clk25          |    5.060|         |         |         |
---------------+---------+---------+---------+---------+


Timing summary:
---------------

Timing errors: 0  Score: 0  (Setup/Max: 0, Hold: 0)

Constraints cover 28 paths, 0 nets, and 56 connections

Design statistics:
   Minimum period:   5.060ns{1}   (Maximum frequency: 197.628MHz)


------------------------------------Footnotes-----------------------------------
1)  The minimum period statistic assumes all single cycle delays.

Analysis completed Fri Mar 27 17:11:44 2026 
--------------------------------------------------------------------------------

Trace Settings:
-------------------------
Trace Settings 

Peak Memory Usage: 356 MB



