Release 14.7 - xst P.20131013 (lin64)
Copyright (c) 1995-2013 Xilinx, Inc.  All rights reserved.
--> 
Parameter TMPDIR set to xst/projnav.tmp


Total REAL time to Xst completion: 0.00 secs
Total CPU time to Xst completion: 0.02 secs
 
--> 
Parameter xsthdpdir set to xst


Total REAL time to Xst completion: 0.00 secs
Total CPU time to Xst completion: 0.02 secs
 
--> 
Reading design: VGA_timing_synch.prj

TABLE OF CONTENTS
  1) Synthesis Options Summary
  2) HDL Compilation
  3) Design Hierarchy Analysis
  4) HDL Analysis
  5) HDL Synthesis
     5.1) HDL Synthesis Report
  6) Advanced HDL Synthesis
     6.1) Advanced HDL Synthesis Report
  7) Low Level Synthesis
  8) Partition Report
  9) Final Report
	9.1) Device utilization summary
	9.2) Partition Resource Summary
	9.3) TIMING REPORT


=========================================================================
*                      Synthesis Options Summary                        *
=========================================================================
---- Source Parameters
Input File Name                    : "VGA_timing_synch.prj"
Input Format                       : mixed
Ignore Synthesis Constraint File   : NO

---- Target Parameters
Output File Name                   : "VGA_timing_synch"
Output Format                      : NGC
Target Device                      : xc3s1200e-4-fg320

---- Source Options
Top Module Name                    : VGA_timing_synch
Automatic FSM Extraction           : YES
FSM Encoding Algorithm             : Auto
Safe Implementation                : No
FSM Style                          : LUT
RAM Extraction                     : Yes
RAM Style                          : Auto
ROM Extraction                     : Yes
Mux Style                          : Auto
Decoder Extraction                 : YES
Priority Encoder Extraction        : Yes
Shift Register Extraction          : YES
Logical Shifter Extraction         : YES
XOR Collapsing                     : YES
ROM Style                          : Auto
Mux Extraction                     : Yes
Resource Sharing                   : NO
Asynchronous To Synchronous        : NO
Multiplier Style                   : Auto
Automatic Register Balancing       : No

---- Target Options
Add IO Buffers                     : YES
Global Maximum Fanout              : 100000
Add Generic Clock Buffer(BUFG)     : 24
Register Duplication               : YES
Slice Packing                      : YES
Optimize Instantiated Primitives   : NO
Use Clock Enable                   : Yes
Use Synchronous Set                : Yes
Use Synchronous Reset              : Yes
Pack IO Registers into IOBs        : Auto
Equivalent register Removal        : NO

---- General Options
Optimization Goal                  : Speed
Optimization Effort                : 1
Keep Hierarchy                     : No
Netlist Hierarchy                  : As_Optimized
RTL Output                         : Yes
Global Optimization                : AllClockNets
Read Cores                         : YES
Write Timing Constraints           : NO
Cross Clock Analysis               : NO
Hierarchy Separator                : /
Bus Delimiter                      : <>
Case Specifier                     : Maintain
Slice Utilization Ratio            : 100
BRAM Utilization Ratio             : 100
Verilog 2001                       : YES
Auto BRAM Packing                  : NO
Slice Utilization Ratio Delta      : 5

---- Other Options
Cores Search Directories           : {"ipcore_dir"  }

=========================================================================


=========================================================================
*                          HDL Compilation                              *
=========================================================================
Compiling vhdl file "/home/user/_WORKSPACE_/kedziorno/ov7670_vga_Nexys2/vga_timing.vhd" in Library work.
Entity <vga_timing_synch> compiled.
Entity <vga_timing_synch> (Architecture <lsfr>) compiled.
Entity <vga_timing_synch> (Architecture <jc>) compiled.
Entity <vga_timing_synch> (Architecture <counter>) compiled.

=========================================================================
*                     Design Hierarchy Analysis                         *
=========================================================================
Analyzing hierarchy for entity <VGA_timing_synch> in library <work> (architecture <lsfr>).


=========================================================================
*                            HDL Analysis                               *
=========================================================================
Analyzing Entity <VGA_timing_synch> in library <work> (Architecture <lsfr>).
    Set user-defined property "INIT =  0" for instance <hsync_gen_fdcpe> in unit <VGA_timing_synch>.
    Set user-defined property "INIT =  0" for instance <vsync_gen_fdcpe> in unit <VGA_timing_synch>.
Entity <VGA_timing_synch> analyzed. Unit <VGA_timing_synch> generated.


=========================================================================
*                           HDL Synthesis                               *
=========================================================================

Performing bidirectional port resolution...

Synthesizing Unit <VGA_timing_synch>.
    Related source file is "/home/user/_WORKSPACE_/kedziorno/ov7670_vga_Nexys2/vga_timing.vhd".
WARNING:Xst:1306 - Output <blank> is never assigned.
WARNING:Xst:1306 - Output <activeArea1> is never assigned.
    Found 1-bit register for signal <hs_gen_state<0>>.
    Found 1-bit register for signal <hsync_reset>.
    Found 1-bit register for signal <hsync_set>.
    Found 10-bit register for signal <QR1>.
    Found 1-bit xor2 for signal <QR1_7$xor0000> created at line 59.
    Found 10-bit register for signal <QR2>.
    Found 1-bit xor2 for signal <QR2_7$xor0000> created at line 79.
    Found 10-bit comparator lessequal for signal <QR2_8$cmp_le0000> created at line 76.
    Found 1-bit register for signal <vs_gen_state<0>>.
    Found 1-bit register for signal <vsync_reset>.
    Found 1-bit register for signal <vsync_set>.
    Summary:
	inferred  26 D-type flip-flop(s).
	inferred   1 Comparator(s).
Unit <VGA_timing_synch> synthesized.


=========================================================================
HDL Synthesis Report

Macro Statistics
# Registers                                            : 26
 1-bit register                                        : 26
# Comparators                                          : 1
 10-bit comparator lessequal                           : 1
# Xors                                                 : 2
 1-bit xor2                                            : 2

=========================================================================

=========================================================================
*                       Advanced HDL Synthesis                          *
=========================================================================


=========================================================================
Advanced HDL Synthesis Report

Macro Statistics
# Registers                                            : 28
 Flip-Flops                                            : 28
# Comparators                                          : 1
 10-bit comparator lessequal                           : 1
# Xors                                                 : 2
 1-bit xor2                                            : 2

=========================================================================

=========================================================================
*                         Low Level Synthesis                           *
=========================================================================

Optimizing unit <VGA_timing_synch> ...

Mapping all equations...
Building and optimizing final netlist ...
Found area constraint ratio of 100 (+ 5) on block VGA_timing_synch, actual ratio is 0.

Final Macro Processing ...

=========================================================================
Final Register Report

Macro Statistics
# Registers                                            : 28
 Flip-Flops                                            : 28

=========================================================================

=========================================================================
*                           Partition Report                            *
=========================================================================

Partition Implementation Status
-------------------------------

  No Partitions were found in this design.

-------------------------------

=========================================================================
*                            Final Report                               *
=========================================================================
Final Results
RTL Top Level Output File Name     : VGA_timing_synch.ngr
Top Level Output File Name         : VGA_timing_synch
Output Format                      : NGC
Optimization Goal                  : Speed
Keep Hierarchy                     : No

Design Statistics
# IOs                              : 5

Cell Usage :
# BELS                             : 24
#      GND                         : 1
#      INV                         : 2
#      LUT2                        : 4
#      LUT3                        : 5
#      LUT4                        : 6
#      LUT4_D                      : 3
#      LUT4_L                      : 3
# FlipFlops/Latches                : 28
#      FDCPE                       : 2
#      FDE                         : 16
#      FDR                         : 9
#      FDS                         : 1
# Clock Buffers                    : 1
#      BUFGP                       : 1
# IO Buffers                       : 2
#      OBUF                        : 2
=========================================================================

Device utilization summary:
---------------------------

Selected Device : 3s1200efg320-4 

 Number of Slices:                       20  out of   8672     0%  
 Number of Slice Flip Flops:             26  out of  17344     0%  
 Number of 4 input LUTs:                 23  out of  17344     0%  
 Number of IOs:                           5
 Number of bonded IOBs:                   3  out of    250     1%  
    IOB Flip Flops:                       2
 Number of GCLKs:                         1  out of     24     4%  

---------------------------
Partition Resource Summary:
---------------------------

  No Partitions were found in this design.

---------------------------


=========================================================================
TIMING REPORT

NOTE: THESE TIMING NUMBERS ARE ONLY A SYNTHESIS ESTIMATE.
      FOR ACCURATE TIMING INFORMATION PLEASE REFER TO THE TRACE REPORT
      GENERATED AFTER PLACE-and-ROUTE.

Clock Information:
------------------
-----------------------------------+------------------------+-------+
Clock Signal                       | Clock buffer(FF name)  | Load  |
-----------------------------------+------------------------+-------+
clk25                              | BUFGP                  | 28    |
-----------------------------------+------------------------+-------+

Asynchronous Control Signals Information:
----------------------------------------
-----------------------------------+------------------------+-------+
Control Signal                     | Buffer(FF name)        | Load  |
-----------------------------------+------------------------+-------+
hsync_reset(hsync_reset:Q)         | NONE(hsync_gen_fdcpe)  | 1     |
hsync_set(hsync_set:Q)             | NONE(hsync_gen_fdcpe)  | 1     |
vsync_reset(vsync_reset:Q)         | NONE(vsync_gen_fdcpe)  | 1     |
vsync_set(vsync_set:Q)             | NONE(vsync_gen_fdcpe)  | 1     |
-----------------------------------+------------------------+-------+

Timing Summary:
---------------
Speed Grade: -4

   Minimum period: 5.493ns (Maximum Frequency: 182.050MHz)
   Minimum input arrival time before clock: No path found
   Maximum output required time after clock: 4.283ns
   Maximum combinational path delay: No path found

Timing Detail:
--------------
All values displayed in nanoseconds (ns)

=========================================================================
Timing constraint: Default period analysis for Clock 'clk25'
  Clock period: 5.493ns (frequency: 182.050MHz)
  Total number of paths / destination ports: 356 / 52
-------------------------------------------------------------------------
Delay:               5.493ns (Levels of Logic = 3)
  Source:            QR2_8 (FF)
  Destination:       vs_gen_state_0 (FF)
  Source Clock:      clk25 rising
  Destination Clock: clk25 rising

  Data Path: QR2_8 to vs_gen_state_0
                                Gate     Net
    Cell:in->out      fanout   Delay   Delay  Logical Name (Net Name)
    ----------------------------------------  ------------
     FDE:C->Q              3   0.591   0.706  QR2_8 (QR2_8)
     LUT3:I0->O            1   0.704   0.499  vsync_set_not000120 (vsync_set_not000120)
     LUT3:I1->O            1   0.704   0.499  vsync_set_not000145 (vsync_set_not000145)
     LUT3:I1->O            3   0.704   0.531  vsync_set_not000161 (vsync_set_not0001)
     FDE:CE                    0.555          vs_gen_state_0
    ----------------------------------------
    Total                      5.493ns (3.258ns logic, 2.235ns route)
                                       (59.3% logic, 40.7% route)

=========================================================================
Timing constraint: Default OFFSET OUT AFTER for Clock 'clk25'
  Total number of paths / destination ports: 2 / 2
-------------------------------------------------------------------------
Offset:              4.283ns (Levels of Logic = 1)
  Source:            vsync_gen_fdcpe (FF)
  Destination:       Vsync (PAD)
  Source Clock:      clk25 rising

  Data Path: vsync_gen_fdcpe to Vsync
                                Gate     Net
    Cell:in->out      fanout   Delay   Delay  Logical Name (Net Name)
    ----------------------------------------  ------------
     FDCPE:C->Q            1   0.591   0.420  vsync_gen_fdcpe (Vsync_OBUF)
     OBUF:I->O                 3.272          Vsync_OBUF (Vsync)
    ----------------------------------------
    Total                      4.283ns (3.863ns logic, 0.420ns route)
                                       (90.2% logic, 9.8% route)

=========================================================================


Total REAL time to Xst completion: 2.00 secs
Total CPU time to Xst completion: 1.97 secs
 
--> 


Total memory usage is 511156 kilobytes

Number of errors   :    0 (   0 filtered)
Number of warnings :    2 (   0 filtered)
Number of infos    :    0 (   0 filtered)

