Release 14.7 Map P.20131013 (lin64)
Xilinx Mapping Report File for Design 'VGA_timing_synch'

Design Information
------------------
Command Line   : map -filter
/home/user/_WORKSPACE_/kedziorno/ov7670_vga_Nexys2/iseconfig/filter.filter
-intstyle ise -p xc3s1200e-fg320-4 -cm area -ir off -pr off -c 100 -o
VGA_timing_synch_map.ncd VGA_timing_synch.ngd VGA_timing_synch.pcf 
Target Device  : xc3s1200e
Target Package : fg320
Target Speed   : -4
Mapper Version : spartan3e -- $Revision: 1.55 $
Mapped Date    : Fri Mar 27 17:11:33 2026

Design Summary
--------------
Number of errors:      0
Number of warnings:    0
Logic Utilization:
  Number of Slice Flip Flops:             6 out of  17,344    1%
  Number of 4 input LUTs:                84 out of  17,344    1%
Logic Distribution:
  Number of occupied Slices:             44 out of   8,672    1%
    Number of Slices containing only related logic:      44 out of      44 100%
    Number of Slices containing unrelated logic:          0 out of      44   0%
      *See NOTES below for an explanation of the effects of unrelated logic.
  Total Number of 4 input LUTs:          84 out of  17,344    1%
    Number used as Shift registers:      84

  The Slice Logic Distribution report is not meaningful if the design is
  over-mapped for a non-slice resource or if Placement fails.

  Number of bonded IOBs:                  5 out of     250    2%
    IOB Flip Flops:                       1
  Number of BUFGMUXs:                     2 out of      24    8%

Average Fanout of Non-Clock Nets:                1.07

Peak Memory Usage:  577 MB
Total REAL time to MAP completion:  1 secs 
Total CPU time to MAP completion:   1 secs 

NOTES:

   Related logic is defined as being logic that shares connectivity - e.g. two
   LUTs are "related" if they share common inputs.  When assembling slices,
   Map gives priority to combine logic that is related.  Doing so results in
   the best timing performance.

   Unrelated logic shares no connectivity.  Map will only begin packing
   unrelated logic into a slice once 99% of the slices are occupied through
   related logic packing.

   Note that once logic distribution reaches the 99% level through related
   logic packing, this does not mean the device is completely utilized.
   Unrelated logic packing will then begin, continuing until all usable LUTs
   and FFs are occupied.  Depending on your timing budget, increased levels of
   unrelated logic packing may adversely affect the overall timing performance
   of your design.

Table of Contents
-----------------
Section 1 - Errors
Section 2 - Warnings
Section 3 - Informational
Section 4 - Removed Logic Summary
Section 5 - Removed Logic
Section 6 - IOB Properties
Section 7 - RPMs
Section 8 - Guide Report
Section 9 - Area Group and Partition Summary
Section 10 - Timing Report
Section 11 - Configuration String Information
Section 12 - Control Set Information
Section 13 - Utilization by Hierarchy

Section 1 - Errors
------------------

Section 2 - Warnings
--------------------

Section 3 - Informational
-------------------------
INFO:LIT:243 - Logical network Mshreg_jc_1_752_0/Q has no load.
INFO:LIT:395 - The above info message is repeated 78 more times for the
   following (max. 5 shown):
   Mshreg_jc_1_752_1/Q,
   Mshreg_jc_1_752_2/Q,
   Mshreg_jc_1_752_3/Q,
   Mshreg_jc_1_752_4/Q,
   Mshreg_jc_1_7991_0/Q
   To see the details of these info messages, please use the -detail switch.
INFO:MapLib:562 - No environment variables are currently set.
INFO:LIT:244 - All of the single ended outputs in this design are using slew
   rate limited output drivers. The delay on speed critical single ended outputs
   can be dramatically reduced by designating them as fast outputs.

Section 4 - Removed Logic Summary
---------------------------------
  86 block(s) optimized away
  79 signal(s) removed

Section 5 - Removed Logic
-------------------------

The trimmed logic report below shows the logic removed from your design due to
sourceless or loadless signals, and VCC or ground connections.  If the removal
of a signal or symbol results in the subsequent removal of an additional signal
or symbol, the message explaining that second removal will be indented.  This
indentation will be repeated as a chain of related logic is removed.

To quickly locate the original cause for the removal of a chain of logic, look
above the place where that logic is listed in the trimming report, then locate
the lines that are least indented (begin at the leftmost edge).

The signal "Mshreg_jc_1_752_0/Q" is sourceless and has been removed.
The signal "Mshreg_jc_1_752_1/Q" is sourceless and has been removed.
The signal "Mshreg_jc_1_752_2/Q" is sourceless and has been removed.
The signal "Mshreg_jc_1_752_3/Q" is sourceless and has been removed.
The signal "Mshreg_jc_1_752_4/Q" is sourceless and has been removed.
The signal "Mshreg_jc_1_7991_0/Q" is sourceless and has been removed.
The signal "Mshreg_jc_1_7991_1/Q" is sourceless and has been removed.
The signal "Mshreg_jc_2_490_0/Q" is sourceless and has been removed.
The signal "Mshreg_jc_2_490_1/Q" is sourceless and has been removed.
The signal "Mshreg_jc_2_490_2/Q" is sourceless and has been removed.
The signal "Mshreg_jc_2_490_3/Q" is sourceless and has been removed.
The signal "Mshreg_jc_2_490_4/Q" is sourceless and has been removed.
The signal "Mshreg_jc_2_490_5/Q" is sourceless and has been removed.
The signal "Mshreg_jc_2_490_6/Q" is sourceless and has been removed.
The signal "Mshreg_jc_2_490_7/Q" is sourceless and has been removed.
The signal "Mshreg_jc_2_490_8/Q" is sourceless and has been removed.
The signal "Mshreg_jc_2_490_9/Q" is sourceless and has been removed.
The signal "Mshreg_jc_2_490_10/Q" is sourceless and has been removed.
The signal "Mshreg_jc_2_490_11/Q" is sourceless and has been removed.
The signal "Mshreg_jc_2_490_12/Q" is sourceless and has been removed.
The signal "Mshreg_jc_2_490_13/Q" is sourceless and has been removed.
The signal "Mshreg_jc_2_490_14/Q" is sourceless and has been removed.
The signal "Mshreg_jc_2_490_15/Q" is sourceless and has been removed.
The signal "Mshreg_jc_2_490_16/Q" is sourceless and has been removed.
The signal "Mshreg_jc_2_490_17/Q" is sourceless and has been removed.
The signal "Mshreg_jc_2_490_18/Q" is sourceless and has been removed.
The signal "Mshreg_jc_2_490_19/Q" is sourceless and has been removed.
The signal "Mshreg_jc_2_490_20/Q" is sourceless and has been removed.
The signal "Mshreg_jc_2_490_21/Q" is sourceless and has been removed.
The signal "Mshreg_jc_2_490_22/Q" is sourceless and has been removed.
The signal "Mshreg_jc_2_490_23/Q" is sourceless and has been removed.
The signal "Mshreg_jc_2_490_24/Q" is sourceless and has been removed.
The signal "Mshreg_jc_2_490_25/Q" is sourceless and has been removed.
The signal "Mshreg_jc_2_490_26/Q" is sourceless and has been removed.
The signal "Mshreg_jc_2_490_27/Q" is sourceless and has been removed.
The signal "Mshreg_jc_2_490_28/Q" is sourceless and has been removed.
The signal "Mshreg_jc_2_490_29/Q" is sourceless and has been removed.
The signal "Mshreg_jc_2_490_30/Q" is sourceless and has been removed.
The signal "Mshreg_jc_2_490_31/Q" is sourceless and has been removed.
The signal "Mshreg_jc_1_656_0/Q" is sourceless and has been removed.
The signal "Mshreg_jc_1_656_1/Q" is sourceless and has been removed.
The signal "Mshreg_jc_1_656_2/Q" is sourceless and has been removed.
The signal "Mshreg_jc_1_656_3/Q" is sourceless and has been removed.
The signal "Mshreg_jc_1_656_4/Q" is sourceless and has been removed.
The signal "Mshreg_jc_1_656_5/Q" is sourceless and has been removed.
The signal "Mshreg_jc_1_656_6/Q" is sourceless and has been removed.
The signal "Mshreg_jc_1_656_7/Q" is sourceless and has been removed.
The signal "Mshreg_jc_1_656_8/Q" is sourceless and has been removed.
The signal "Mshreg_jc_1_656_9/Q" is sourceless and has been removed.
The signal "Mshreg_jc_1_656_10/Q" is sourceless and has been removed.
The signal "Mshreg_jc_1_656_11/Q" is sourceless and has been removed.
The signal "Mshreg_jc_1_656_12/Q" is sourceless and has been removed.
The signal "Mshreg_jc_1_656_13/Q" is sourceless and has been removed.
The signal "Mshreg_jc_1_656_14/Q" is sourceless and has been removed.
The signal "Mshreg_jc_1_656_15/Q" is sourceless and has been removed.
The signal "Mshreg_jc_1_656_16/Q" is sourceless and has been removed.
The signal "Mshreg_jc_1_656_17/Q" is sourceless and has been removed.
The signal "Mshreg_jc_1_656_18/Q" is sourceless and has been removed.
The signal "Mshreg_jc_1_656_19/Q" is sourceless and has been removed.
The signal "Mshreg_jc_1_656_20/Q" is sourceless and has been removed.
The signal "Mshreg_jc_1_656_21/Q" is sourceless and has been removed.
The signal "Mshreg_jc_1_656_22/Q" is sourceless and has been removed.
The signal "Mshreg_jc_1_656_23/Q" is sourceless and has been removed.
The signal "Mshreg_jc_1_656_24/Q" is sourceless and has been removed.
The signal "Mshreg_jc_1_656_25/Q" is sourceless and has been removed.
The signal "Mshreg_jc_1_656_26/Q" is sourceless and has been removed.
The signal "Mshreg_jc_1_656_27/Q" is sourceless and has been removed.
The signal "Mshreg_jc_1_656_28/Q" is sourceless and has been removed.
The signal "Mshreg_jc_1_656_29/Q" is sourceless and has been removed.
The signal "Mshreg_jc_1_656_30/Q" is sourceless and has been removed.
The signal "Mshreg_jc_1_656_31/Q" is sourceless and has been removed.
The signal "Mshreg_jc_1_656_32/Q" is sourceless and has been removed.
The signal "Mshreg_jc_1_656_33/Q" is sourceless and has been removed.
The signal "Mshreg_jc_1_656_34/Q" is sourceless and has been removed.
The signal "Mshreg_jc_1_656_35/Q" is sourceless and has been removed.
The signal "Mshreg_jc_1_656_36/Q" is sourceless and has been removed.
The signal "Mshreg_jc_1_656_37/Q" is sourceless and has been removed.
The signal "Mshreg_jc_1_656_38/Q" is sourceless and has been removed.
The signal "Mshreg_jc_1_656_39/Q" is sourceless and has been removed.

Optimized Block(s):
TYPE 		BLOCK
GND 		XST_GND
VCC 		XST_VCC

To enable printing of redundant blocks removed and signals merged, set the
detailed map report option and rerun map.

Section 6 - IOB Properties
--------------------------

+---------------------------------------------------------------------------------------------------------------------------------------------------------+
| IOB Name                           | Type             | Direction | IO Standard          | Diff  | Drive    | Slew | Reg (s)      | Resistor | IOB      |
|                                    |                  |           |                      | Term  | Strength | Rate |              |          | Delay    |
+---------------------------------------------------------------------------------------------------------------------------------------------------------+
| Hsync                              | IOB              | OUTPUT    | LVCMOS25             |       | 12       | SLOW |              |          | 0 / 0    |
| Vsync                              | IOB              | OUTPUT    | LVCMOS25             |       | 12       | SLOW | OFF1         |          | 0 / 0    |
| activeArea1                        | IOB              | OUTPUT    | LVCMOS25             |       | 12       | SLOW |              |          | 0 / 0    |
| blank                              | IOB              | OUTPUT    | LVCMOS25             |       | 12       | SLOW |              |          | 0 / 0    |
| clk25                              | IBUF             | INPUT     | LVCMOS25             |       |          |      |              |          | 0 / 0    |
+---------------------------------------------------------------------------------------------------------------------------------------------------------+

Section 7 - RPMs
----------------

Section 8 - Guide Report
------------------------
Guide not run on this design.

Section 9 - Area Group and Partition Summary
--------------------------------------------

Partition Implementation Status
-------------------------------

  No Partitions were found in this design.

-------------------------------

Area Group Information
----------------------

  No area groups were found in this design.

----------------------

Section 10 - Timing Report
--------------------------
This design was not run using timing mode.

Section 11 - Configuration String Details
-----------------------------------------
Use the "-detail" map option to print out Configuration Strings

Section 12 - Control Set Information
------------------------------------
No control set information for this architecture.

Section 13 - Utilization by Hierarchy
-------------------------------------
Use the "-detail" map option to print out the Utilization by Hierarchy section.
